Downloading https://services.gradle.org/distributions/gradle-8.7-bin.zip
............10%.............20%.............30%.............40%............50%.............60%.............70%.............80%.............90%............100%

Welcome to Gradle 8.7!

Here are the highlights of this release:
 - Compiling and testing with Java 22
 - Cacheable Groovy script compilation
 - New methods in lazy collection properties

For more details see https://docs.gradle.org/8.7/release-notes.html

Starting a Gradle Daemon (subsequent builds will be faster)

> Configure project :app
Warning: Errors during XML parse:
Warning: https://dl.google.com/android/repository/sys-img/android-automotive/sys-img2-4.xml parsing problem. unexpected element (uri:"", local:"abi"). Expected elements are <{}vendor>,<{}translatedAbis>,<{}abis>,<{}codename>,<{}base-extension>,<{}api-level>,<{}extension-level>,<{}tag>
Warning: javax.xml.bind.UnmarshalException: unexpected element (uri:"", local:"abi"). Expected elements are <{}vendor>,<{}translatedAbis>,<{}abis>,<{}codename>,<{}base-extension>,<{}api-level>,<{}extension-level>,<{}tag>
Warning: Additionally, the fallback loader failed to parse the XML.
Warning: Failed to fetch URL https://dl.google.com/android/repository/sys-img/android-desktop/sys-img2-4.xml/sys-img.xml, reason: File not found
Warning: Errors during XML parse:
Warning: https://dl.google.com/android/repository/sys-img/android-desktop/sys-img2-4.xml parsing problem. unexpected element (uri:"", local:"abi"). Expected elements are <{}vendor>,<{}translatedAbis>,<{}abis>,<{}codename>,<{}base-extension>,<{}api-level>,<{}extension-level>,<{}tag>
Warning: javax.xml.bind.UnmarshalException: unexpected element (uri:"", local:"abi"). Expected elements are <{}vendor>,<{}translatedAbis>,<{}abis>,<{}codename>,<{}base-extension>,<{}api-level>,<{}extension-level>,<{}tag>
Warning: Additionally, the fallback loader failed to parse the XML.
Warning: Failed to fetch URL https://dl.google.com/android/repository/sys-img/android-wear-cn/sys-img2-4.xml/sys-img.xml, reason: File not found
Warning: Errors during XML parse:
Warning: https://dl.google.com/android/repository/sys-img/android-wear-cn/sys-img2-4.xml parsing problem. unexpected element (uri:"", local:"abi"). Expected elements are <{}vendor>,<{}translatedAbis>,<{}abis>,<{}codename>,<{}base-extension>,<{}api-level>,<{}extension-level>,<{}tag>
Warning: javax.xml.bind.UnmarshalException: unexpected element (uri:"", local:"abi"). Expected elements are <{}vendor>,<{}translatedAbis>,<{}abis>,<{}codename>,<{}base-extension>,<{}api-level>,<{}extension-level>,<{}tag>
Warning: Additionally, the fallback loader failed to parse the XML.
Warning: Failed to fetch URL https://dl.google.com/android/repository/sys-img/android-automotive-distantdisplay/sys-img2-4.xml/sys-img.xml, reason: File not found
Warning: Errors during XML parse:
Warning: https://dl.google.com/android/repository/sys-img/android-automotive-distantdisplay/sys-img2-4.xml parsing problem. unexpected element (uri:"", local:"abi"). Expected elements are <{}vendor>,<{}translatedAbis>,<{}abis>,<{}codename>,<{}base-extension>,<{}api-level>,<{}extension-level>,<{}tag>
Warning: javax.xml.bind.UnmarshalException: unexpected element (uri:"", local:"abi"). Expected elements are <{}vendor>,<{}translatedAbis>,<{}abis>,<{}codename>,<{}base-extension>,<{}api-level>,<{}extension-level>,<{}tag>
Warning: Additionally, the fallback loader failed to parse the XML.
Warning: Failed to fetch URL https://dl.google.com/android/repository/sys-img/google-tv/sys-img2-4.xml/sys-img.xml, reason: File not found
Warning: Errors during XML parse:
Warning: https://dl.google.com/android/repository/sys-img/google-tv/sys-img2-4.xml parsing problem. unexpected element (uri:"", local:"abi"). Expected elements are <{}vendor>,<{}translatedAbis>,<{}abis>,<{}codename>,<{}base-extension>,<{}api-level>,<{}extension-level>,<{}tag>
Warning: javax.xml.bind.UnmarshalException: unexpected element (uri:"", local:"abi"). Expected elements are <{}vendor>,<{}translatedAbis>,<{}abis>,<{}codename>,<{}base-extension>,<{}api-level>,<{}extension-level>,<{}tag>
Warning: Additionally, the fallback loader failed to parse the XML.
Warning: Failed to fetch URL https://dl.google.com/android/repository/sys-img/aosp_atd/sys-img2-4.xml/sys-img.xml, reason: File not found
Warning: Errors during XML parse:
Warning: https://dl.google.com/android/repository/sys-img/aosp_atd/sys-img2-4.xml parsing problem. unexpected element (uri:"", local:"abi"). Expected elements are <{}vendor>,<{}translatedAbis>,<{}abis>,<{}codename>,<{}base-extension>,<{}api-level>,<{}extension-level>,<{}tag>
Warning: javax.xml.bind.UnmarshalException: unexpected element (uri:"", local:"abi"). Expected elements are <{}vendor>,<{}translatedAbis>,<{}abis>,<{}codename>,<{}base-extension>,<{}api-level>,<{}extension-level>,<{}tag>
Warning: Additionally, the fallback loader failed to parse the XML.
Warning: Failed to fetch URL https://dl.google.com/android/repository/sys-img/google_atd/sys-img2-4.xml/sys-img.xml, reason: File not found
Warning: Errors during XML parse:
Warning: https://dl.google.com/android/repository/sys-img/google_atd/sys-img2-4.xml parsing problem. Errors limit exceeded. To receive all errors set com.sun.xml.bind logger to FINEST level.
Warning: javax.xml.bind.UnmarshalException: Errors limit exceeded. To receive all errors set com.sun.xml.bind logger to FINEST level.
Warning: Additionally, the fallback loader failed to parse the XML.
Checking the license for package NDK (Side by side) 25.2.9519653 in /usr/local/lib/android/sdk/licenses
License for package NDK (Side by side) 25.2.9519653 accepted.
Preparing "Install NDK (Side by side) 25.2.9519653 v.25.2.9519653".
"Install NDK (Side by side) 25.2.9519653 v.25.2.9519653" ready.
Installing NDK (Side by side) 25.2.9519653 in /usr/local/lib/android/sdk/ndk/25.2.9519653
"Install NDK (Side by side) 25.2.9519653 v.25.2.9519653" complete.
"Install NDK (Side by side) 25.2.9519653 v.25.2.9519653" finished.

> Task :app:preBuild UP-TO-DATE
> Task :app:preReleaseBuild UP-TO-DATE
> Task :app:javaPreCompileRelease
> Task :app:generateReleaseResValues
> Task :app:checkReleaseAarMetadata
> Task :app:mapReleaseSourceSetPaths
> Task :app:generateReleaseResources
> Task :app:packageReleaseResources
> Task :app:mergeReleaseResources
> Task :app:createReleaseCompatibleScreenManifests
> Task :app:extractDeepLinksRelease
> Task :app:parseReleaseLocalResources
> Task :app:processReleaseMainManifest
> Task :app:processReleaseManifest
> Task :app:extractProguardFiles

> Task :app:configureCMakeRelWithDebInfo[arm64-v8a]
Checking the license for package CMake 3.22.1 in /usr/local/lib/android/sdk/licenses
License for package CMake 3.22.1 accepted.
Preparing "Install CMake 3.22.1 v.3.22.1".
"Install CMake 3.22.1 v.3.22.1" ready.
Installing CMake 3.22.1 in /usr/local/lib/android/sdk/cmake/3.22.1
"Install CMake 3.22.1 v.3.22.1" complete.
"Install CMake 3.22.1 v.3.22.1" finished.
C/C++: CMake Error at /usr/local/lib/android/sdk/cmake/3.22.1/share/cmake-3.22/Modules/FindPackageHandleStandardArgs.cmake:230 (message):
C/C++:   Could NOT find OpenSSL, try to set the path to OpenSSL root folder in the
C/C++:   system variable OPENSSL_ROOT_DIR (missing: OPENSSL_CRYPTO_LIBRARY
C/C++:   OPENSSL_INCLUDE_DIR)
C/C++: Call Stack (most recent call first):
C/C++:   /usr/local/lib/android/sdk/cmake/3.22.1/share/cmake-3.22/Modules/FindPackageHandleStandardArgs.cmake:594 (_FPHSA_FAILURE_MESSAGE)
C/C++:   /usr/local/lib/android/sdk/cmake/3.22.1/share/cmake-3.22/Modules/FindOpenSSL.cmake:574 (find_package_handle_standard_args)
C/C++:   external/src/curl/CMakeLists.txt:468 (find_package)

> Task :app:configureCMakeRelWithDebInfo[arm64-v8a] FAILED
> Task :app:processReleaseManifestForPackage

FAILURE: Build failed with an exception.

* What went wrong:
Execution failed for task ':app:configureCMakeRelWithDebInfo[arm64-v8a]'.
> [CXX1429] error when building with cmake using /home/runner/work/BOOK_TO_GAME/BOOK_TO_GAME/CMakeLists.txt: -- The C compiler identification is Clang 14.0.7
  -- The CXX compiler identification is Clang 14.0.7
  -- Detecting C compiler ABI info
  -- Detecting C compiler ABI info - done
  -- Check for working C compiler: /usr/local/lib/android/sdk/ndk/25.2.9519653/toolchains/llvm/prebuilt/linux-x86_64/bin/clang - skipped
  -- Detecting C compile features
  -- Detecting C compile features - done
  -- Detecting CXX compiler ABI info
  -- Detecting CXX compiler ABI info - done
  -- Check for working CXX compiler: /usr/local/lib/android/sdk/ndk/25.2.9519653/toolchains/llvm/prebuilt/linux-x86_64/bin/clang++ - skipped
  -- Detecting CXX compile features
  -- Detecting CXX compile features - done
  -- Configuring static/hardlinked build from source for all platforms...
  -- Found PkgConfig: /usr/bin/pkg-config (found version "1.8.1") 
  -- Looking for __GLIBC__
  -- Looking for __GLIBC__ - not found
  -- Performing Test CHECK_CPU_ARCHITECTURE_X86
  -- Performing Test CHECK_CPU_ARCHITECTURE_X86 - Failed
  -- Performing Test CHECK_CPU_ARCHITECTURE_X64
  -- Performing Test CHECK_CPU_ARCHITECTURE_X64 - Failed
  -- Performing Test CHECK_CPU_ARCHITECTURE_ARM32
  -- Performing Test CHECK_CPU_ARCHITECTURE_ARM32 - Failed
  -- Performing Test CHECK_CPU_ARCHITECTURE_ARM64
  -- Performing Test CHECK_CPU_ARCHITECTURE_ARM64 - Success
  -- Performing Test CHECK_CPU_ARCHITECTURE_LOONGARCH64
  -- Performing Test CHECK_CPU_ARCHITECTURE_LOONGARCH64 - Failed
  -- Performing Test HAVE_GCC_WALL
  -- Performing Test HAVE_GCC_WALL - Success
  -- Performing Test HAVE_GCC_WUNDEF
  -- Performing Test HAVE_GCC_WUNDEF - Success
  -- Performing Test HAVE_GCC_NO_STRICT_ALIASING
  -- Performing Test HAVE_GCC_NO_STRICT_ALIASING - Success
  -- Performing Test HAVE_GCC_WDOCUMENTATION
  -- Performing Test HAVE_GCC_WDOCUMENTATION - Success
  -- Performing Test HAVE_GCC_WDOCUMENTATION_UNKNOWN_COMMAND
  -- Performing Test HAVE_GCC_WDOCUMENTATION_UNKNOWN_COMMAND - Success
  -- Performing Test HAVE_GCC_COMMENT_BLOCK_COMMANDS
  -- Performing Test HAVE_GCC_COMMENT_BLOCK_COMMANDS - Success
  -- Performing Test HAVE_GCC_WDECLARATION_AFTER_STATEMENT
  -- Performing Test HAVE_GCC_WDECLARATION_AFTER_STATEMENT - Success
  -- Performing Test HAVE_GCC_ATOMICS
  -- Performing Test HAVE_GCC_ATOMICS - Success
  -- Performing Test HAVE_GCC_FVISIBILITY
  -- Performing Test HAVE_GCC_FVISIBILITY - Success
  -- Performing Test HAVE_GCC_WSHADOW
  -- Performing Test HAVE_GCC_WSHADOW - Success
  -- Performing Test HAVE_GCC_WUNUSED_LOCAL_TYPEDEFS
  -- Performing Test HAVE_GCC_WUNUSED_LOCAL_TYPEDEFS - Success
  -- Performing Test HAVE_NO_UNDEFINED
  -- Performing Test HAVE_NO_UNDEFINED - Success
  -- Looking for immintrin.h
  -- Looking for immintrin.h - not found
  -- Performing Test HAVE_ALTIVEC_H_HDR
  -- Performing Test HAVE_ALTIVEC_H_HDR - Failed
  -- Performing Test CPU_SUPPORTS_ALTIVEC
  -- Performing Test CPU_SUPPORTS_ALTIVEC - Failed
  -- Looking for ctype.h
  -- Looking for ctype.h - found
  -- Looking for float.h
  -- Looking for float.h - found
  -- Looking for iconv.h
  -- Looking for iconv.h - found
  -- Looking for inttypes.h
  -- Looking for inttypes.h - found
  -- Looking for limits.h
  -- Looking for limits.h - found
  -- Looking for malloc.h
  -- Looking for malloc.h - found
  -- Looking for math.h
  -- Looking for math.h - found
  -- Looking for memory.h
  -- Looking for memory.h - found
  -- Looking for signal.h
  -- Looking for signal.h - found
  -- Looking for stdarg.h
  -- Looking for stdarg.h - found
  -- Looking for stddef.h
  -- Looking for stddef.h - found
  -- Looking for stdint.h
  -- Looking for stdint.h - found
  -- Looking for stdio.h
  -- Looking for stdio.h - found
  -- Looking for stdlib.h
  -- Looking for stdlib.h - found
  -- Looking for string.h
  -- Looking for string.h - found
  -- Looking for strings.h
  -- Looking for strings.h - found
  -- Looking for sys/types.h
  -- Looking for sys/types.h - found
  -- Looking for wchar.h
  -- Looking for wchar.h - found
  -- Looking for 7 include files stddef.h, ..., float.h
  -- Looking for 7 include files stddef.h, ..., float.h - found
  -- Looking for M_PI
  -- Looking for M_PI - found
  -- Performing Test HAVE_MPROTECT
  -- Performing Test HAVE_MPROTECT - Success
  -- Looking for strtod
  -- Looking for strtod - found
  -- Looking for malloc
  -- Looking for malloc - found
  -- Looking for calloc
  -- Looking for calloc - found
  -- Looking for realloc
  -- Looking for realloc - found
  -- Looking for free
  -- Looking for free - found
  -- Looking for getenv
  -- Looking for getenv - found
  -- Looking for setenv
  -- Looking for setenv - found
  -- Looking for putenv
  -- Looking for putenv - found
  -- Looking for unsetenv
  -- Looking for unsetenv - found
  -- Looking for bsearch
  -- Looking for bsearch - found
  -- Looking for qsort
  -- Looking for qsort - found
  -- Looking for abs
  -- Looking for abs - found
  -- Looking for bcopy
  -- Looking for bcopy - found
  -- Looking for memset
  -- Looking for memset - found
  -- Looking for memcpy
  -- Looking for memcpy - found
  -- Looking for memmove
  -- Looking for memmove - found
  -- Looking for memcmp
  -- Looking for memcmp - found
  -- Looking for strlen
  -- Looking for strlen - found
  -- Looking for strlcpy
  -- Looking for strlcpy - found
  -- Looking for strlcat
  -- Looking for strlcat - found
  -- Looking for _strrev
  -- Looking for _strrev - not found
  -- Looking for _strupr
  -- Looking for _strupr - not found
  -- Looking for _strlwr
  -- Looking for _strlwr - not found
  -- Looking for index
  -- Looking for index - not found
  -- Looking for rindex
  -- Looking for rindex - not found
  -- Looking for strchr
  -- Looking for strchr - found
  -- Looking for strrchr
  -- Looking for strrchr - found
  -- Looking for strstr
  -- Looking for strstr - found
  -- Looking for strtok_r
  -- Looking for strtok_r - found
  -- Looking for itoa
  -- Looking for itoa - not found
  -- Looking for _ltoa
  -- Looking for _ltoa - not found
  -- Looking for _uitoa
  -- Looking for _uitoa - not found
  -- Looking for _ultoa
  -- Looking for _ultoa - not found
  -- Looking for strtol
  -- Looking for strtol - found
  -- Looking for strtoul
  -- Looking for strtoul - found
  -- Looking for _i64toa
  -- Looking for _i64toa - not found
  -- Looking for _ui64toa
  -- Looking for _ui64toa - not found
  -- Looking for strtoll
  -- Looking for strtoll - found
  -- Looking for strtoull
  -- Looking for strtoull - found
  -- Looking for atoi
  -- Looking for atoi - found
  -- Looking for atof
  -- Looking for atof - found
  -- Looking for strcmp
  -- Looking for strcmp - found
  -- Looking for strncmp
  -- Looking for strncmp - found
  -- Looking for _stricmp
  -- Looking for _stricmp - not found
  -- Looking for strcasecmp
  -- Looking for strcasecmp - found
  -- Looking for _strnicmp
  -- Looking for _strnicmp - not found
  -- Looking for strncasecmp
  -- Looking for strncasecmp - found
  -- Looking for strcasestr
  -- Looking for strcasestr - found
  -- Looking for wcscmp
  -- Looking for wcscmp - found
  -- Looking for _wcsdup
  -- Looking for _wcsdup - not found
  -- Looking for wcsdup
  -- Looking for wcsdup - found
  -- Looking for wcslcat
  -- Looking for wcslcat - found
  -- Looking for wcslcpy
  -- Looking for wcslcpy - found
  -- Looking for wcslen
  -- Looking for wcslen - found
  -- Looking for wcsncmp
  -- Looking for wcsncmp - found
  -- Looking for wcsstr
  -- Looking for wcsstr - found
  -- Looking for wcscasecmp
  -- Looking for wcscasecmp - found
  -- Looking for _wcsicmp
  -- Looking for _wcsicmp - not found
  -- Looking for wcsncasecmp
  -- Looking for wcsncasecmp - found
  -- Looking for _wcsnicmp
  -- Looking for _wcsnicmp - not found
  -- Looking for sscanf
  -- Looking for sscanf - found
  -- Looking for vsscanf
  -- Looking for vsscanf - found
  -- Looking for vsnprintf
  -- Looking for vsnprintf - found
  -- Looking for fopen64
  -- Looking for fopen64 - not found
  -- Looking for fseeko
  -- Looking for fseeko - found
  -- Looking for fseeko64
  -- Looking for fseeko64 - not found
  -- Looking for _Exit
  -- Looking for _Exit - found
  -- Looking for sigaction
  -- Looking for sigaction - found
  -- Looking for setjmp
  -- Looking for setjmp - found
  -- Looking for nanosleep
  -- Looking for nanosleep - found
  -- Looking for sysconf
  -- Looking for sysconf - found
  -- Looking for sysctlbyname
  -- Looking for sysctlbyname - not found
  -- Looking for getauxval
  -- Looking for getauxval - found
  -- Looking for elf_aux_info
  -- Looking for elf_aux_info - not found
  -- Looking for poll
  -- Looking for poll - found
  -- Looking for memfd_create
  -- Looking for memfd_create - not found
  -- Looking for posix_fallocate
  -- Looking for posix_fallocate - found
  -- Looking for pow in m
  -- Looking for pow in m - found
  -- Looking for atan
  -- Looking for atan - found
  -- Looking for atan2
  -- Looking for atan2 - found
  -- Looking for atanf
  -- Looking for atanf - found
  -- Looking for atan2f
  -- Looking for atan2f - found
  -- Looking for ceil
  -- Looking for ceil - found
  -- Looking for ceilf
  -- Looking for ceilf - found
  -- Looking for copysign
  -- Looking for copysign - found
  -- Looking for copysignf
  -- Looking for copysignf - found
  -- Looking for cos
  -- Looking for cos - found
  -- Looking for cosf
  -- Looking for cosf - found
  -- Looking for exp
  -- Looking for exp - found
  -- Looking for expf
  -- Looking for expf - found
  -- Looking for fabs
  -- Looking for fabs - found
  -- Looking for fabsf
  -- Looking for fabsf - found
  -- Looking for floor
  -- Looking for floor - found
  -- Looking for floorf
  -- Looking for floorf - found
  -- Looking for fmod
  -- Looking for fmod - found
  -- Looking for fmodf
  -- Looking for fmodf - found
  -- Looking for log
  -- Looking for log - found
  -- Looking for logf
  -- Looking for logf - found
  -- Looking for log10
  -- Looking for log10 - found
  -- Looking for log10f
  -- Looking for log10f - found
  -- Looking for lround
  -- Looking for lround - found
  -- Looking for lroundf
  -- Looking for lroundf - found
  -- Looking for pow
  -- Looking for pow - found
  -- Looking for powf
  -- Looking for powf - found
  -- Looking for round
  -- Looking for round - found
  -- Looking for roundf
  -- Looking for roundf - found
  -- Looking for scalbn
  -- Looking for scalbn - found
  -- Looking for scalbnf
  -- Looking for scalbnf - found
  -- Looking for sin
  -- Looking for sin - found
  -- Looking for sinf
  -- Looking for sinf - found
  -- Looking for sqrt
  -- Looking for sqrt - found
  -- Looking for sqrtf
  -- Looking for sqrtf - found
  -- Looking for tan
  -- Looking for tan - found
  -- Looking for tanf
  -- Looking for tanf - found
  -- Looking for acos
  -- Looking for acos - found
  -- Looking for acosf
  -- Looking for acosf - found
  -- Looking for asin
  -- Looking for asin - found
  -- Looking for asinf
  -- Looking for asinf - found
  -- Looking for trunc
  -- Looking for trunc - found
  -- Looking for truncf
  -- Looking for truncf - found
  -- Performing Test ICONV_IN_LIBC
  -- Performing Test ICONV_IN_LIBC - Failed
  -- Performing Test ICONV_IN_LIBICONV
  -- Performing Test ICONV_IN_LIBICONV - Failed
  -- Looking for alloca.h
  -- Looking for alloca.h - found
  -- Looking for alloca
  -- Looking for alloca - found
  -- Looking for alloca
  -- Looking for alloca - found
  -- Looking for alloca
  -- Looking for alloca - not found
  -- Performing Test HAVE_SA_SIGACTION
  -- Performing Test HAVE_SA_SIGACTION - Success
  -- Looking for dlopen
  -- Looking for dlopen - found
  -- Performing Test HAVE_O_CLOEXEC
  -- Performing Test HAVE_O_CLOEXEC - Success
  -- Performing Test HAVE_ARM_MODE
  -- Performing Test HAVE_ARM_MODE - Failed
  -- Performing Test VULKAN_PASSED_ANDROID_CHECKS
  -- Performing Test VULKAN_PASSED_ANDROID_CHECKS - Success
  -- Performing Test HAVE_PTHREADS
  -- Performing Test HAVE_PTHREADS - Success
  -- Performing Test HAVE_RECURSIVE_MUTEXES
  -- Performing Test HAVE_RECURSIVE_MUTEXES - Success
  -- Performing Test HAVE_PTHREADS_SEM
  -- Performing Test HAVE_PTHREADS_SEM - Success
  -- Performing Test HAVE_SEM_TIMEDWAIT
  -- Performing Test HAVE_SEM_TIMEDWAIT - Success
  -- Looking for include file pthread.h
  -- Looking for include file pthread.h - found
  -- Looking for include file pthread_np.h
  -- Looking for include file pthread_np.h - not found
  -- Performing Test HAVE_PTHREAD_SETNAME_NP
  -- Performing Test HAVE_PTHREAD_SETNAME_NP - Success
  -- Found Git: /usr/bin/git (found version "2.54.0") 
  -- 
  -- SDL2 was configured with the following options:
  -- 
  -- Platform: Android-1
  -- 64-bit:   TRUE
  -- Compiler: /usr/local/lib/android/sdk/ndk/25.2.9519653/toolchains/llvm/prebuilt/linux-x86_64/bin/clang
  -- Revision: SDL-2.30.9
  -- 
  -- Subsystems:
  --   Atomic:	ON
  --   Audio:	ON
  --   Video:	ON
  --   Render:	ON
  --   Events:	ON
  --   Joystick:	ON
  --   Haptic:	ON
  --   Hidapi:	ON
  --   Power:	ON
  --   Threads:	ON
  --   Timers:	ON
  --   File:	ON
  --   Loadso:	ON
  --   CPUinfo:	ON
  --   Filesystem:	ON
  --   Sensor:	ON
  --   Locale:	ON
  --   Misc:	ON
  -- 
  -- Options:
  --   SDL2_DISABLE_INSTALL        (Wanted: ON): OFF
  --   SDL2_DISABLE_SDL2MAIN       (Wanted: OFF): OFF
  --   SDL2_DISABLE_UNINSTALL      (Wanted: OFF): OFF
  --   SDL_3DNOW                   (Wanted: OFF): OFF
  --   SDL_ALSA                    (Wanted: OFF): OFF
  --   SDL_ALSA_SHARED             (Wanted: OFF): OFF
  --   SDL_ALTIVEC                 (Wanted: ON): OFF
  --   SDL_ARMNEON                 (Wanted: OFF): OFF
  --   SDL_ARMSIMD                 (Wanted: OFF): OFF
  --   SDL_ARTS                    (Wanted: OFF): OFF
  --   SDL_ARTS_SHARED             (Wanted: OFF): OFF
  --   SDL_ASAN                    (Wanted: OFF): OFF
  --   SDL_ASSEMBLY                (Wanted: ON): ON
  --   SDL_ASSERTIONS              (Wanted: auto): auto
  --   SDL_BACKGROUNDING_SIGNAL    (Wanted: OFF): OFF
  --   SDL_CCACHE                  (Wanted: ON): OFF
  --   SDL_CLOCK_GETTIME           (Wanted: ON): ON
  --   SDL_COCOA                   (Wanted: OFF): OFF
  --   SDL_DBUS                    (Wanted: OFF): OFF
  --   SDL_DIRECTFB                (Wanted: OFF): OFF
  --   SDL_DIRECTFB_SHARED         (Wanted: OFF): OFF
  --   SDL_DIRECTX                 (Wanted: OFF): OFF
  --   SDL_DISKAUDIO               (Wanted: ON): ON
  --   SDL_DUMMYAUDIO              (Wanted: ON): ON
  --   SDL_DUMMYVIDEO              (Wanted: ON): ON
  --   SDL_ESD                     (Wanted: OFF): OFF
  --   SDL_ESD_SHARED              (Wanted: OFF): OFF
  --   SDL_FOREGROUNDING_SIGNAL    (Wanted: OFF): OFF
  --   SDL_FUSIONSOUND             (Wanted: OFF): OFF
  --   SDL_FUSIONSOUND_SHARED      (Wanted: OFF): OFF
  --   SDL_GCC_ATOMICS             (Wanted: ON): ON
  --   SDL_HIDAPI                  (Wanted: ON): ON
  --   SDL_HIDAPI_JOYSTICK         (Wanted: ON): ON
  --   SDL_HIDAPI_LIBUSB           (Wanted: OFF): OFF
  --   SDL_IBUS                    (Wanted: OFF): OFF
  --   SDL_INSTALL_TESTS           (Wanted: OFF): OFF
  --   SDL_JACK                    (Wanted: OFF): OFF
  --   SDL_JACK_SHARED             (Wanted: OFF): OFF
  --   SDL_KMSDRM                  (Wanted: OFF): OFF
  --   SDL_KMSDRM_SHARED           (Wanted: OFF): OFF
  --   SDL_LASX                    (Wanted: OFF): OFF
  --   SDL_LIBC                    (Wanted: ON): ON
  --   SDL_LIBICONV                (Wanted: OFF): OFF
  --   SDL_LIBSAMPLERATE           (Wanted: OFF): OFF
  --   SDL_LIBSAMPLERATE_SHARED    (Wanted: OFF): OFF
  --   SDL_LIBUDEV                 (Wanted: ON): OFF
  --   SDL_LSX                     (Wanted: OFF): OFF
  --   SDL_METAL                   (Wanted: OFF): OFF
  --   SDL_MMX                     (Wanted: OFF): OFF
  --   SDL_NAS                     (Wanted: OFF): OFF
  --   SDL_NAS_SHARED              (Wanted: OFF): OFF
  --   SDL_OFFSCREEN               (Wanted: ON): ON
  --   SDL_OPENGL                  (Wanted: ON): OFF
  --   SDL_OPENGLES                (Wanted: ON): ON
  --   SDL_OSS                     (Wanted: OFF): OFF
  --   SDL_PIPEWIRE                (Wanted: OFF): OFF
  --   SDL_PIPEWIRE_SHARED         (Wanted: OFF): OFF
  --   SDL_PTHREADS                (Wanted: ON): ON
  --   SDL_PTHREADS_SEM            (Wanted: ON): ON
  --   SDL_PULSEAUDIO              (Wanted: OFF): OFF
  --   SDL_PULSEAUDIO_SHARED       (Wanted: OFF): OFF
  --   SDL_RENDER_D3D              (Wanted: OFF): OFF
  --   SDL_RENDER_METAL            (Wanted: OFF): OFF
  --   SDL_RPATH                   (Wanted: OFF): OFF
  --   SDL_RPI                     (Wanted: OFF): OFF
  --   SDL_SNDIO                   (Wanted: OFF): OFF
  --   SDL_SNDIO_SHARED            (Wanted: OFF): OFF
  --   SDL_SSE                     (Wanted: OFF): OFF
  --   SDL_SSE2                    (Wanted: OFF): OFF
  --   SDL_SSE3                    (Wanted: OFF): OFF
  --   SDL_SSEMATH                 (Wanted: OFF): OFF
  --   SDL_STATIC_PIC              (Wanted: ON): ON
  --   SDL_SYSTEM_ICONV            (Wanted: ON): OFF
  --   SDL_TESTS                   (Wanted: OFF): OFF
  --   SDL_VENDOR_INFO             (Wanted: ): OFF
  --   SDL_VIRTUAL_JOYSTICK        (Wanted: ON): ON
  --   SDL_VIVANTE                 (Wanted: OFF): OFF
  --   SDL_VULKAN                  (Wanted: ON): ON
  --   SDL_WASAPI                  (Wanted: OFF): OFF
  --   SDL_WAYLAND                 (Wanted: OFF): OFF
  --   SDL_WAYLAND_LIBDECOR        (Wanted: OFF): OFF
  --   SDL_WAYLAND_LIBDECOR_SHARED (Wanted: OFF): OFF
  --   SDL_WAYLAND_QT_TOUCH        (Wanted: OFF): OFF
  --   SDL_WAYLAND_SHARED          (Wanted: OFF): OFF
  --   SDL_X11                     (Wanted: OFF): OFF
  --   SDL_X11_SHARED              (Wanted: OFF): OFF
  --   SDL_X11_XCURSOR             (Wanted: OFF): OFF
  --   SDL_X11_XDBE                (Wanted: OFF): OFF
  --   SDL_X11_XFIXES              (Wanted: OFF): OFF
  --   SDL_X11_XINPUT              (Wanted: OFF): OFF
  --   SDL_X11_XRANDR              (Wanted: OFF): OFF
  --   SDL_X11_XSCRNSAVER          (Wanted: OFF): OFF
  --   SDL_X11_XSHAPE              (Wanted: OFF): OFF
  --   SDL_XINPUT                  (Wanted: OFF): OFF
  -- 
  --  CFLAGS:        -g -DANDROID -fdata-sections -ffunction-sections -funwind-tables -fstack-protector-strong -no-canonical-prefixes -D_FORTIFY_SOURCE=2 -Wformat -Werror=format-security  -idirafter "/home/runner/work/BOOK_TO_GAME/BOOK_TO_GAME/external/src/SDL2/src/video/khronos"
  --  EXTRA_CFLAGS:   -Wall -Wundef -fno-strict-aliasing -Wdocumentation -Wdocumentation-unknown-command -fcomment-block-commands=threadsafety -fcomment-block-commands=deprecated -Wdeclaration-after-statement -fvisibility=hidden -Wshadow -Wno-unused-local-typedefs -fcolor-diagnostics
  --  EXTRA_LDFLAGS:  -Wl,--no-undefined
  --  EXTRA_LIBS:    m;OpenSLES;dl;log;android;GLESv1_CM;GLESv2
  -- 
  --  Build Shared Library: OFF
  --  Build Static Library: ON
  --  Build Static Library with Position Independent Code: ON
  -- 
  -- If something was not detected, although the libraries
  -- were installed, then make sure you have set the
  -- CFLAGS and LDFLAGS environment variables correctly.
  -- 
  -- Configuring SDL2_image 2.8.2
  -- Configuring SDL2_mixer 2.8.0
  -- Looking for fork
  -- Looking for fork - found
  -- Enabled ogg music: using stb_vorbis
  -- Configuring SDL2_ttf 2.22.0
  -- SDL2_ttf: Using vendored freetype library
  -- Looking for unistd.h
  -- Looking for unistd.h - found
  -- Looking for fcntl.h
  -- Looking for fcntl.h - found
  -- Configuring SDL2_net 2.2.0
  -- Using CMake version 3.22.1-g37088a8
  -- curl version=[8.8.0-DEV]
  -- Picky compiler options: -Wextra -Wall -pedantic -Wbad-function-cast -Wconversion -Winline -Wmissing-declarations -Wmissing-prototypes -Wnested-externs -Wno-long-long -Wno-multichar -Wpointer-arith -Wshadow -Wsign-compare -Wundef -Wunused -Wwrite-strings -Waddress -Wattributes -Wcast-align -Wdeclaration-after-statement -Wdiv-by-zero -Wempty-body -Wendif-labels -Wfloat-equal -Wformat-security -Wignored-qualifiers -Wmissing-field-initializers -Wmissing-noreturn -Wno-format-nonliteral -Wno-system-headers -Wold-style-definition -Wredundant-decls -Wsign-conversion -Wno-error=sign-conversion -Wstrict-prototypes -Wtype-limits -Wunreachable-code -Wunused-parameter -Wvla -Wshift-sign-overflow -Wshorten-64-to-32 -Wlanguage-extension-token -Wformat=2 -Wdouble-promotion -Wenum-conversion -Wpragmas -Wunused-const-variable -Wunreachable-code-break -Wheader-guard -Wsometimes-uninitialized -Wcomma -Wmissing-variable-declarations -Wassign-enum -Wextra-semi-stmt -Wimplicit-fallthrough
  -- Performing Test HAVE_SOCKADDR_IN6_SIN6_ADDR
  -- Performing Test HAVE_SOCKADDR_IN6_SIN6_ADDR - Success
  -- Performing Test HAVE_SOCKADDR_IN6_SIN6_SCOPE_ID
  -- Performing Test HAVE_SOCKADDR_IN6_SIN6_SCOPE_ID - Success
  -- Found Perl: /usr/bin/perl (found version "5.38.2") 
  -- Looking for pthread.h
  -- Looking for pthread.h - found
  -- Performing Test CMAKE_HAVE_LIBC_PTHREAD
  -- Performing Test CMAKE_HAVE_LIBC_PTHREAD - Failed
  -- Looking for pthread_create in pthreads
  -- Looking for pthread_create in pthreads - not found
  -- Looking for pthread_create in pthread
  -- Looking for pthread_create in pthread - not found
  -- Check if compiler accepts -pthread
  -- Check if compiler accepts -pthread - yes
  -- Found Threads: TRUE  
  -- Looking for connect in socket
  -- Looking for connect in socket - not found
  -- Looking for gethostname
  -- Looking for gethostname - found
  -- Configuring incomplete, errors occurred!
  See also "/home/runner/work/BOOK_TO_GAME/BOOK_TO_GAME/platforms/android/app/.cxx/RelWithDebInfo/1l4d1q5i/arm64-v8a/CMakeFiles/CMakeOutput.log".
  See also "/home/runner/work/BOOK_TO_GAME/BOOK_TO_GAME/platforms/android/app/.cxx/RelWithDebInfo/1l4d1q5i/arm64-v8a/CMakeFiles/CMakeError.log".
  
  C++ build system [configure] failed while executing:
      /usr/local/lib/android/sdk/cmake/3.22.1/bin/cmake \
        -H/home/runner/work/BOOK_TO_GAME/BOOK_TO_GAME \
        -DCMAKE_SYSTEM_NAME=Android \
        -DCMAKE_EXPORT_COMPILE_COMMANDS=ON \
        -DCMAKE_SYSTEM_VERSION=21 \
        -DANDROID_PLATFORM=android-21 \
        -DANDROID_ABI=arm64-v8a \
        -DCMAKE_ANDROID_ARCH_ABI=arm64-v8a \
        -DANDROID_NDK=/usr/local/lib/android/sdk/ndk/25.2.9519653 \
        -DCMAKE_ANDROID_NDK=/usr/local/lib/android/sdk/ndk/25.2.9519653 \
        -DCMAKE_TOOLCHAIN_FILE=/usr/local/lib/android/sdk/ndk/25.2.9519653/build/cmake/android.toolchain.cmake \
        -DCMAKE_MAKE_PROGRAM=/usr/local/lib/android/sdk/cmake/3.22.1/bin/ninja \
        -DCMAKE_CXX_FLAGS=-std=c++17 \
        -DCMAKE_LIBRARY_OUTPUT_DIRECTORY=/home/runner/work/BOOK_TO_GAME/BOOK_TO_GAME/platforms/android/app/build/intermediates/cxx/RelWithDebInfo/1l4d1q5i/obj/arm64-v8a \
        -DCMAKE_RUNTIME_OUTPUT_DIRECTORY=/home/runner/work/BOOK_TO_GAME/BOOK_TO_GAME/platforms/android/app/build/intermediates/cxx/RelWithDebInfo/1l4d1q5i/obj/arm64-v8a \
        -DCMAKE_BUILD_TYPE=RelWithDebInfo \
        -B/home/runner/work/BOOK_TO_GAME/BOOK_TO_GAME/platforms/android/app/.cxx/RelWithDebInfo/1l4d1q5i/arm64-v8a \
        -GNinja \
        -DANDROID_STL=c++_shared
    from /home/runner/work/BOOK_TO_GAME/BOOK_TO_GAME/platforms/android/app
  CMake Error at /usr/local/lib/android/sdk/cmake/3.22.1/share/cmake-3.22/Modules/FindPackageHandleStandardArgs.cmake:230 (message):
    Could NOT find OpenSSL, try to set the path to OpenSSL root folder in the
    system variable OPENSSL_ROOT_DIR (missing: OPENSSL_CRYPTO_LIBRARY
    OPENSSL_INCLUDE_DIR)
  Call Stack (most recent call first):
    /usr/local/lib/android/sdk/cmake/3.22.1/share/cmake-3.22/Modules/FindPackageHandleStandardArgs.cmake:594 (_FPHSA_FAILURE_MESSAGE)
    /usr/local/lib/android/sdk/cmake/3.22.1/share/cmake-3.22/Modules/FindOpenSSL.cmake:574 (find_package_handle_standard_args)
    external/src/curl/CMakeLists.txt:468 (find_package) : com.android.ide.common.process.ProcessException: -- The C compiler identification is Clang 14.0.7
  -- The CXX compiler identification is Clang 14.0.7
  -- Detecting C compiler ABI info
  -- Detecting C compiler ABI info - done
  -- Check for working C compiler: /usr/local/lib/android/sdk/ndk/25.2.9519653/toolchains/llvm/prebuilt/linux-x86_64/bin/clang - skipped
  -- Detecting C compile features
  -- Detecting C compile features - done
  -- Detecting CXX compiler ABI info
  -- Detecting CXX compiler ABI info - done
  -- Check for working CXX compiler: /usr/local/lib/android/sdk/ndk/25.2.9519653/toolchains/llvm/prebuilt/linux-x86_64/bin/clang++ - skipped
  -- Detecting CXX compile features
  -- Detecting CXX compile features - done
  -- Configuring static/hardlinked build from source for all platforms...
  -- Found PkgConfig: /usr/bin/pkg-config (found version "1.8.1") 
  -- Looking for __GLIBC__
  -- Looking for __GLIBC__ - not found
  -- Performing Test CHECK_CPU_ARCHITECTURE_X86
  -- Performing Test CHECK_CPU_ARCHITECTURE_X86 - Failed
  -- Performing Test CHECK_CPU_ARCHITECTURE_X64
  -- Performing Test CHECK_CPU_ARCHITECTURE_X64 - Failed
  -- Performing Test CHECK_CPU_ARCHITECTURE_ARM32
  -- Performing Test CHECK_CPU_ARCHITECTURE_ARM32 - Failed
  -- Performing Test CHECK_CPU_ARCHITECTURE_ARM64
  -- Performing Test CHECK_CPU_ARCHITECTURE_ARM64 - Success
  -- Performing Test CHECK_CPU_ARCHITECTURE_LOONGARCH64
  -- Performing Test CHECK_CPU_ARCHITECTURE_LOONGARCH64 - Failed
  -- Performing Test HAVE_GCC_WALL
  -- Performing Test HAVE_GCC_WALL - Success
  -- Performing Test HAVE_GCC_WUNDEF
  -- Performing Test HAVE_GCC_WUNDEF - Success
  -- Performing Test HAVE_GCC_NO_STRICT_ALIASING
  -- Performing Test HAVE_GCC_NO_STRICT_ALIASING - Success
  -- Performing Test HAVE_GCC_WDOCUMENTATION
  -- Performing Test HAVE_GCC_WDOCUMENTATION - Success
  -- Performing Test HAVE_GCC_WDOCUMENTATION_UNKNOWN_COMMAND
  -- Performing Test HAVE_GCC_WDOCUMENTATION_UNKNOWN_COMMAND - Success
  -- Performing Test HAVE_GCC_COMMENT_BLOCK_COMMANDS
  -- Performing Test HAVE_GCC_COMMENT_BLOCK_COMMANDS - Success
  -- Performing Test HAVE_GCC_WDECLARATION_AFTER_STATEMENT
  -- Performing Test HAVE_GCC_WDECLARATION_AFTER_STATEMENT - Success
  -- Performing Test HAVE_GCC_ATOMICS
  -- Performing Test HAVE_GCC_ATOMICS - Success
  -- Performing Test HAVE_GCC_FVISIBILITY
  -- Performing Test HAVE_GCC_FVISIBILITY - Success
  -- Performing Test HAVE_GCC_WSHADOW
  -- Performing Test HAVE_GCC_WSHADOW - Success
  -- Performing Test HAVE_GCC_WUNUSED_LOCAL_TYPEDEFS
  -- Performing Test HAVE_GCC_WUNUSED_LOCAL_TYPEDEFS - Success
  -- Performing Test HAVE_NO_UNDEFINED
  -- Performing Test HAVE_NO_UNDEFINED - Success
  -- Looking for immintrin.h
  -- Looking for immintrin.h - not found
  -- Performing Test HAVE_ALTIVEC_H_HDR
  -- Performing Test HAVE_ALTIVEC_H_HDR - Failed
  -- Performing Test CPU_SUPPORTS_ALTIVEC
  -- Performing Test CPU_SUPPORTS_ALTIVEC - Failed
  -- Looking for ctype.h
  -- Looking for ctype.h - found
  -- Looking for float.h
  -- Looking for float.h - found
  -- Looking for iconv.h
  -- Looking for iconv.h - found
  -- Looking for inttypes.h
  -- Looking for inttypes.h - found
  -- Looking for limits.h
  -- Looking for limits.h - found
  -- Looking for malloc.h
  -- Looking for malloc.h - found
  -- Looking for math.h
  -- Looking for math.h - found
  -- Looking for memory.h
  -- Looking for memory.h - found
  -- Looking for signal.h
  -- Looking for signal.h - found
  -- Looking for stdarg.h
  -- Looking for stdarg.h - found
  -- Looking for stddef.h
  -- Looking for stddef.h - found
  -- Looking for stdint.h
  -- Looking for stdint.h - found
  -- Looking for stdio.h
  -- Looking for stdio.h - found
  -- Looking for stdlib.h
  -- Looking for stdlib.h - found
  -- Looking for string.h
  -- Looking for string.h - found
  -- Looking for strings.h
  -- Looking for strings.h - found
  -- Looking for sys/types.h
  -- Looking for sys/types.h - found
  -- Looking for wchar.h
  -- Looking for wchar.h - found
  -- Looking for 7 include files stddef.h, ..., float.h
  -- Looking for 7 include files stddef.h, ..., float.h - found
  -- Looking for M_PI
  -- Looking for M_PI - found
  -- Performing Test HAVE_MPROTECT
  -- Performing Test HAVE_MPROTECT - Success
  -- Looking for strtod
  -- Looking for strtod - found
  -- Looking for malloc
  -- Looking for malloc - found
  -- Looking for calloc
  -- Looking for calloc - found
  -- Looking for realloc
  -- Looking for realloc - found
  -- Looking for free
  -- Looking for free - found
  -- Looking for getenv
  -- Looking for getenv - found
  -- Looking for setenv
  -- Looking for setenv - found
  -- Looking for putenv
  -- Looking for putenv - found
  -- Looking for unsetenv
  -- Looking for unsetenv - found
  -- Looking for bsearch
  -- Looking for bsearch - found
  -- Looking for qsort
  -- Looking for qsort - found
  -- Looking for abs
  -- Looking for abs - found
  -- Looking for bcopy
  -- Looking for bcopy - found
  -- Looking for memset
  -- Looking for memset - found
  -- Looking for memcpy
  -- Looking for memcpy - found
  -- Looking for memmove
  -- Looking for memmove - found
  -- Looking for memcmp
  -- Looking for memcmp - found
  -- Looking for strlen
  -- Looking for strlen - found
  -- Looking for strlcpy
  -- Looking for strlcpy - found
  -- Looking for strlcat
  -- Looking for strlcat - found
  -- Looking for _strrev
  -- Looking for _strrev - not found
  -- Looking for _strupr
  -- Looking for _strupr - not found
  -- Looking for _strlwr
  -- Looking for _strlwr - not found
  -- Looking for index
  -- Looking for index - not found
  -- Looking for rindex
  -- Looking for rindex - not found
  -- Looking for strchr
  -- Looking for strchr - found
  -- Looking for strrchr
  -- Looking for strrchr - found
  -- Looking for strstr
  -- Looking for strstr - found
  -- Looking for strtok_r
  -- Looking for strtok_r - found
  -- Looking for itoa
  -- Looking for itoa - not found
  -- Looking for _ltoa
  -- Looking for _ltoa - not found
  -- Looking for _uitoa
  -- Looking for _uitoa - not found
  -- Looking for _ultoa
  -- Looking for _ultoa - not found
  -- Looking for strtol
  -- Looking for strtol - found
  -- Looking for strtoul
  -- Looking for strtoul - found
  -- Looking for _i64toa
  -- Looking for _i64toa - not found
  -- Looking for _ui64toa
  -- Looking for _ui64toa - not found
  -- Looking for strtoll
  -- Looking for strtoll - found
  -- Looking for strtoull
  -- Looking for strtoull - found
  -- Looking for atoi
  -- Looking for atoi - found
  -- Looking for atof
  -- Looking for atof - found
  -- Looking for strcmp
  -- Looking for strcmp - found
  -- Looking for strncmp
  -- Looking for strncmp - found
  -- Looking for _stricmp
  -- Looking for _stricmp - not found
  -- Looking for strcasecmp
  -- Looking for strcasecmp - found
  -- Looking for _strnicmp
  -- Looking for _strnicmp - not found
  -- Looking for strncasecmp
  -- Looking for strncasecmp - found
  -- Looking for strcasestr
  -- Looking for strcasestr - found
  -- Looking for wcscmp
  -- Looking for wcscmp - found
  -- Looking for _wcsdup
  -- Looking for _wcsdup - not found
  -- Looking for wcsdup
  -- Looking for wcsdup - found
  -- Looking for wcslcat
  -- Looking for wcslcat - found
  -- Looking for wcslcpy
  -- Looking for wcslcpy - found
  -- Looking for wcslen
  -- Looking for wcslen - found
  -- Looking for wcsncmp
  -- Looking for wcsncmp - found
  -- Looking for wcsstr
  -- Looking for wcsstr - found
  -- Looking for wcscasecmp
  -- Looking for wcscasecmp - found
  -- Looking for _wcsicmp
  -- Looking for _wcsicmp - not found
  -- Looking for wcsncasecmp
  -- Looking for wcsncasecmp - found
  -- Looking for _wcsnicmp
  -- Looking for _wcsnicmp - not found
  -- Looking for sscanf
  -- Looking for sscanf - found
  -- Looking for vsscanf
  -- Looking for vsscanf - found
  -- Looking for vsnprintf
  -- Looking for vsnprintf - found
  -- Looking for fopen64
  -- Looking for fopen64 - not found
  -- Looking for fseeko
  -- Looking for fseeko - found
  -- Looking for fseeko64
  -- Looking for fseeko64 - not found
  -- Looking for _Exit
  -- Looking for _Exit - found
  -- Looking for sigaction
  -- Looking for sigaction - found
  -- Looking for setjmp
  -- Looking for setjmp - found
  -- Looking for nanosleep
  -- Looking for nanosleep - found
  -- Looking for sysconf
  -- Looking for sysconf - found
  -- Looking for sysctlbyname
  -- Looking for sysctlbyname - not found
  -- Looking for getauxval
  -- Looking for getauxval - found
  -- Looking for elf_aux_info
  -- Looking for elf_aux_info - not found
  -- Looking for poll
  -- Looking for poll - found
  -- Looking for memfd_create
  -- Looking for memfd_create - not found
  -- Looking for posix_fallocate
  -- Looking for posix_fallocate - found
  -- Looking for pow in m
  -- Looking for pow in m - found
  -- Looking for atan
  -- Looking for atan - found
  -- Looking for atan2
  -- Looking for atan2 - found
  -- Looking for atanf
  -- Looking for atanf - found
  -- Looking for atan2f
  -- Looking for atan2f - found
  -- Looking for ceil
  -- Looking for ceil - found
  -- Looking for ceilf
  -- Looking for ceilf - found
  -- Looking for copysign
  -- Looking for copysign - found
  -- Looking for copysignf
  -- Looking for copysignf - found
  -- Looking for cos
  -- Looking for cos - found
  -- Looking for cosf
  -- Looking for cosf - found
  -- Looking for exp
  -- Looking for exp - found
  -- Looking for expf
  -- Looking for expf - found
  -- Looking for fabs
  -- Looking for fabs - found
  -- Looking for fabsf
  -- Looking for fabsf - found
  -- Looking for floor
  -- Looking for floor - found
  -- Looking for floorf
  -- Looking for floorf - found
  -- Looking for fmod
  -- Looking for fmod - found
  -- Looking for fmodf
  -- Looking for fmodf - found
  -- Looking for log
  -- Looking for log - found
  -- Looking for logf
  -- Looking for logf - found
  -- Looking for log10
  -- Looking for log10 - found
  -- Looking for log10f
  -- Looking for log10f - found
  -- Looking for lround
  -- Looking for lround - found
  -- Looking for lroundf
  -- Looking for lroundf - found
  -- Looking for pow
  -- Looking for pow - found
  -- Looking for powf
  -- Looking for powf - found
  -- Looking for round
  -- Looking for round - found
  -- Looking for roundf
  -- Looking for roundf - found
  -- Looking for scalbn
  -- Looking for scalbn - found
  -- Looking for scalbnf
  -- Looking for scalbnf - found
  -- Looking for sin
  -- Looking for sin - found
  -- Looking for sinf
  -- Looking for sinf - found
  -- Looking for sqrt
  -- Looking for sqrt - found
  -- Looking for sqrtf
  -- Looking for sqrtf - found
  -- Looking for tan
  -- Looking for tan - found
  -- Looking for tanf
  -- Looking for tanf - found
  -- Looking for acos
  -- Looking for acos - found
  -- Looking for acosf
  -- Looking for acosf - found
  -- Looking for asin
  -- Looking for asin - found
  -- Looking for asinf
  -- Looking for asinf - found
  -- Looking for trunc
  -- Looking for trunc - found
  -- Looking for truncf
  -- Looking for truncf - found
  -- Performing Test ICONV_IN_LIBC
  -- Performing Test ICONV_IN_LIBC - Failed
  -- Performing Test ICONV_IN_LIBICONV
  -- Performing Test ICONV_IN_LIBICONV - Failed
  -- Looking for alloca.h
  -- Looking for alloca.h - found
  -- Looking for alloca
  -- Looking for alloca - found
  -- Looking for alloca
  -- Looking for alloca - found
  -- Looking for alloca
  -- Looking for alloca - not found
  -- Performing Test HAVE_SA_SIGACTION
  -- Performing Test HAVE_SA_SIGACTION - Success
  -- Looking for dlopen
  -- Looking for dlopen - found
  -- Performing Test HAVE_O_CLOEXEC
  -- Performing Test HAVE_O_CLOEXEC - Success
  -- Performing Test HAVE_ARM_MODE
  -- Performing Test HAVE_ARM_MODE - Failed
  -- Performing Test VULKAN_PASSED_ANDROID_CHECKS
  -- Performing Test VULKAN_PASSED_ANDROID_CHECKS - Success
  -- Performing Test HAVE_PTHREADS
  -- Performing Test HAVE_PTHREADS - Success
  -- Performing Test HAVE_RECURSIVE_MUTEXES
  -- Performing Test HAVE_RECURSIVE_MUTEXES - Success
  -- Performing Test HAVE_PTHREADS_SEM
  -- Performing Test HAVE_PTHREADS_SEM - Success
  -- Performing Test HAVE_SEM_TIMEDWAIT
  -- Performing Test HAVE_SEM_TIMEDWAIT - Success
  -- Looking for include file pthread.h
  -- Looking for include file pthread.h - found
  -- Looking for include file pthread_np.h
  -- Looking for include file pthread_np.h - not found
  -- Performing Test HAVE_PTHREAD_SETNAME_NP
  -- Performing Test HAVE_PTHREAD_SETNAME_NP - Success
  -- Found Git: /usr/bin/git (found version "2.54.0") 
  -- 
  -- SDL2 was configured with the following options:
  -- 
  -- Platform: Android-1
  -- 64-bit:   TRUE
  -- Compiler: /usr/local/lib/android/sdk/ndk/25.2.9519653/toolchains/llvm/prebuilt/linux-x86_64/bin/clang
  -- Revision: SDL-2.30.9
  -- 
  -- Subsystems:
  --   Atomic:	ON
  --   Audio:	ON
  --   Video:	ON
  --   Render:	ON
  --   Events:	ON
  --   Joystick:	ON
  --   Haptic:	ON
  --   Hidapi:	ON
  --   Power:	ON
  --   Threads:	ON
  --   Timers:	ON
  --   File:	ON
  --   Loadso:	ON
  --   CPUinfo:	ON
  --   Filesystem:	ON
  --   Sensor:	ON
  --   Locale:	ON
  --   Misc:	ON
  -- 
  -- Options:
  --   SDL2_DISABLE_INSTALL        (Wanted: ON): OFF
  --   SDL2_DISABLE_SDL2MAIN       (Wanted: OFF): OFF
  --   SDL2_DISABLE_UNINSTALL      (Wanted: OFF): OFF
  --   SDL_3DNOW                   (Wanted: OFF): OFF
  --   SDL_ALSA                    (Wanted: OFF): OFF
  --   SDL_ALSA_SHARED             (Wanted: OFF): OFF
  --   SDL_ALTIVEC                 (Wanted: ON): OFF
  --   SDL_ARMNEON                 (Wanted: OFF): OFF
  --   SDL_ARMSIMD                 (Wanted: OFF): OFF
  --   SDL_ARTS                    (Wanted: OFF): OFF
  --   SDL_ARTS_SHARED             (Wanted: OFF): OFF
  --   SDL_ASAN                    (Wanted: OFF): OFF
  --   SDL_ASSEMBLY                (Wanted: ON): ON
  --   SDL_ASSERTIONS              (Wanted: auto): auto
  --   SDL_BACKGROUNDING_SIGNAL    (Wanted: OFF): OFF
  --   SDL_CCACHE                  (Wanted: ON): OFF
  --   SDL_CLOCK_GETTIME           (Wanted: ON): ON
  --   SDL_COCOA                   (Wanted: OFF): OFF
  --   SDL_DBUS                    (Wanted: OFF): OFF
  --   SDL_DIRECTFB                (Wanted: OFF): OFF
  --   SDL_DIRECTFB_SHARED         (Wanted: OFF): OFF
  --   SDL_DIRECTX                 (Wanted: OFF): OFF
  --   SDL_DISKAUDIO               (Wanted: ON): ON
  --   SDL_DUMMYAUDIO              (Wanted: ON): ON
  --   SDL_DUMMYVIDEO              (Wanted: ON): ON
  --   SDL_ESD                     (Wanted: OFF): OFF
  --   SDL_ESD_SHARED              (Wanted: OFF): OFF
  --   SDL_FOREGROUNDING_SIGNAL    (Wanted: OFF): OFF
  --   SDL_FUSIONSOUND             (Wanted: OFF): OFF
  --   SDL_FUSIONSOUND_SHARED      (Wanted: OFF): OFF
  --   SDL_GCC_ATOMICS             (Wanted: ON): ON
  --   SDL_HIDAPI                  (Wanted: ON): ON
  --   SDL_HIDAPI_JOYSTICK         (Wanted: ON): ON
  --   SDL_HIDAPI_LIBUSB           (Wanted: OFF): OFF
  --   SDL_IBUS                    (Wanted: OFF): OFF
  --   SDL_INSTALL_TESTS           (Wanted: OFF): OFF
  --   SDL_JACK                    (Wanted: OFF): OFF
  --   SDL_JACK_SHARED             (Wanted: OFF): OFF
  --   SDL_KMSDRM                  (Wanted: OFF): OFF
  --   SDL_KMSDRM_SHARED           (Wanted: OFF): OFF
  --   SDL_LASX                    (Wanted: OFF): OFF
  --   SDL_LIBC                    (Wanted: ON): ON
  --   SDL_LIBICONV                (Wanted: OFF): OFF
  --   SDL_LIBSAMPLERATE           (Wanted: OFF): OFF
  --   SDL_LIBSAMPLERATE_SHARED    (Wanted: OFF): OFF
  --   SDL_LIBUDEV                 (Wanted: ON): OFF
  --   SDL_LSX                     (Wanted: OFF): OFF
  --   SDL_METAL                   (Wanted: OFF): OFF
  --   SDL_MMX                     (Wanted: OFF): OFF
  --   SDL_NAS                     (Wanted: OFF): OFF
  --   SDL_NAS_SHARED              (Wanted: OFF): OFF
  --   SDL_OFFSCREEN               (Wanted: ON): ON
  --   SDL_OPENGL                  (Wanted: ON): OFF
  --   SDL_OPENGLES                (Wanted: ON): ON
  --   SDL_OSS                     (Wanted: OFF): OFF
  --   SDL_PIPEWIRE                (Wanted: OFF): OFF
  --   SDL_PIPEWIRE_SHARED         (Wanted: OFF): OFF
  --   SDL_PTHREADS                (Wanted: ON): ON
  --   SDL_PTHREADS_SEM            (Wanted: ON): ON
  --   SDL_PULSEAUDIO              (Wanted: OFF): OFF
  --   SDL_PULSEAUDIO_SHARED       (Wanted: OFF): OFF
  --   SDL_RENDER_D3D              (Wanted: OFF): OFF
  --   SDL_RENDER_METAL            (Wanted: OFF): OFF
  --   SDL_RPATH                   (Wanted: OFF): OFF
  --   SDL_RPI                     (Wanted: OFF): OFF
  --   SDL_SNDIO                   (Wanted: OFF): OFF
  --   SDL_SNDIO_SHARED            (Wanted: OFF): OFF
  --   SDL_SSE                     (Wanted: OFF): OFF
  --   SDL_SSE2                    (Wanted: OFF): OFF
  --   SDL_SSE3                    (Wanted: OFF): OFF
  --   SDL_SSEMATH                 (Wanted: OFF): OFF
  --   SDL_STATIC_PIC              (Wanted: ON): ON
  --   SDL_SYSTEM_ICONV            (Wanted: ON): OFF
  --   SDL_TESTS                   (Wanted: OFF): OFF
  --   SDL_VENDOR_INFO             (Wanted: ): OFF
  --   SDL_VIRTUAL_JOYSTICK        (Wanted: ON): ON
  --   SDL_VIVANTE                 (Wanted: OFF): OFF
  --   SDL_VULKAN                  (Wanted: ON): ON
  --   SDL_WASAPI                  (Wanted: OFF): OFF
  --   SDL_WAYLAND                 (Wanted: OFF): OFF
  --   SDL_WAYLAND_LIBDECOR        (Wanted: OFF): OFF
  --   SDL_WAYLAND_LIBDECOR_SHARED (Wanted: OFF): OFF
  --   SDL_WAYLAND_QT_TOUCH        (Wanted: OFF): OFF
  --   SDL_WAYLAND_SHARED          (Wanted: OFF): OFF
  --   SDL_X11                     (Wanted: OFF): OFF
  --   SDL_X11_SHARED              (Wanted: OFF): OFF
  --   SDL_X11_XCURSOR             (Wanted: OFF): OFF
  --   SDL_X11_XDBE                (Wanted: OFF): OFF
  --   SDL_X11_XFIXES              (Wanted: OFF): OFF
  --   SDL_X11_XINPUT              (Wanted: OFF): OFF
  --   SDL_X11_XRANDR              (Wanted: OFF): OFF
  --   SDL_X11_XSCRNSAVER          (Wanted: OFF): OFF
  --   SDL_X11_XSHAPE              (Wanted: OFF): OFF
  --   SDL_XINPUT                  (Wanted: OFF): OFF
  -- 
  --  CFLAGS:        -g -DANDROID -fdata-sections -ffunction-sections -funwind-tables -fstack-protector-strong -no-canonical-prefixes -D_FORTIFY_SOURCE=2 -Wformat -Werror=format-security  -idirafter "/home/runner/work/BOOK_TO_GAME/BOOK_TO_GAME/external/src/SDL2/src/video/khronos"
  --  EXTRA_CFLAGS:   -Wall -Wundef -fno-strict-aliasing -Wdocumentation -Wdocumentation-unknown-command -fcomment-block-commands=threadsafety -fcomment-block-commands=deprecated -Wdeclaration-after-statement -fvisibility=hidden -Wshadow -Wno-unused-local-typedefs -fcolor-diagnostics
  --  EXTRA_LDFLAGS:  -Wl,--no-undefined
  --  EXTRA_LIBS:    m;OpenSLES;dl;log;android;GLESv1_CM;GLESv2
  -- 
  --  Build Shared Library: OFF
  --  Build Static Library: ON
  --  Build Static Library with Position Independent Code: ON
  -- 
  -- If something was not detected, although the libraries
  -- were installed, then make sure you have set the
  -- CFLAGS and LDFLAGS environment variables correctly.
  -- 
  -- Configuring SDL2_image 2.8.2
  -- Configuring SDL2_mixer 2.8.0
  -- Looking for fork
  -- Looking for fork - found
  -- Enabled ogg music: using stb_vorbis
  -- Configuring SDL2_ttf 2.22.0
  -- SDL2_ttf: Using vendored freetype library
  -- Looking for unistd.h
  -- Looking for unistd.h - found
  -- Looking for fcntl.h
  -- Looking for fcntl.h - found
  -- Configuring SDL2_net 2.2.0
  -- Using CMake version 3.22.1-g37088a8
  -- curl version=[8.8.0-DEV]
  -- Picky compiler options: -Wextra -Wall -pedantic -Wbad-function-cast -Wconversion -Winline -Wmissing-declarations -Wmissing-prototypes -Wnested-externs -Wno-long-long -Wno-multichar -Wpointer-arith -Wshadow -Wsign-compare -Wundef -Wunused -Wwrite-strings -Waddress -Wattributes -Wcast-align -Wdeclaration-after-statement -Wdiv-by-zero -Wempty-body -Wendif-labels -Wfloat-equal -Wformat-security -Wignored-qualifiers -Wmissing-field-initializers -Wmissing-noreturn -Wno-format-nonliteral -Wno-system-headers -Wold-style-definition -Wredundant-decls -Wsign-conversion -Wno-error=sign-conversion -Wstrict-prototypes -Wtype-limits -Wunreachable-code -Wunused-parameter -Wvla -Wshift-sign-overflow -Wshorten-64-to-32 -Wlanguage-extension-token -Wformat=2 -Wdouble-promotion -Wenum-conversion -Wpragmas -Wunused-const-variable -Wunreachable-code-break -Wheader-guard -Wsometimes-uninitialized -Wcomma -Wmissing-variable-declarations -Wassign-enum -Wextra-semi-stmt -Wimplicit-fallthrough
  -- Performing Test HAVE_SOCKADDR_IN6_SIN6_ADDR
  -- Performing Test HAVE_SOCKADDR_IN6_SIN6_ADDR - Success
  -- Performing Test HAVE_SOCKADDR_IN6_SIN6_SCOPE_ID
  -- Performing Test HAVE_SOCKADDR_IN6_SIN6_SCOPE_ID - Success
  -- Found Perl: /usr/bin/perl (found version "5.38.2") 
  -- Looking for pthread.h
  -- Looking for pthread.h - found
  -- Performing Test CMAKE_HAVE_LIBC_PTHREAD
  -- Performing Test CMAKE_HAVE_LIBC_PTHREAD - Failed
  -- Looking for pthread_create in pthreads
  -- Looking for pthread_create in pthreads - not found
  -- Looking for pthread_create in pthread
  -- Looking for pthread_create in pthread - not found
  -- Check if compiler accepts -pthread
  -- Check if compiler accepts -pthread - yes
  -- Found Threads: TRUE  
  -- Looking for connect in socket
  -- Looking for connect in socket - not found
  -- Looking for gethostname
  -- Looking for gethostname - found
  -- Configuring incomplete, errors occurred!
  See also "/home/runner/work/BOOK_TO_GAME/BOOK_TO_GAME/platforms/android/app/.cxx/RelWithDebInfo/1l4d1q5i/arm64-v8a/CMakeFiles/CMakeOutput.log".
  See also "/home/runner/work/BOOK_TO_GAME/BOOK_TO_GAME/platforms/android/app/.cxx/RelWithDebInfo/1l4d1q5i/arm64-v8a/CMakeFiles/CMakeError.log".
  
  C++ build system [configure] failed while executing:
      /usr/local/lib/android/sdk/cmake/3.22.1/bin/cmake \
        -H/home/runner/work/BOOK_TO_GAME/BOOK_TO_GAME \
        -DCMAKE_SYSTEM_NAME=Android \
        -DCMAKE_EXPORT_COMPILE_COMMANDS=ON \
        -DCMAKE_SYSTEM_VERSION=21 \
        -DANDROID_PLATFORM=android-21 \
        -DANDROID_ABI=arm64-v8a \
        -DCMAKE_ANDROID_ARCH_ABI=arm64-v8a \
        -DANDROID_NDK=/usr/local/lib/android/sdk/ndk/25.2.9519653 \
        -DCMAKE_ANDROID_NDK=/usr/local/lib/android/sdk/ndk/25.2.9519653 \
        -DCMAKE_TOOLCHAIN_FILE=/usr/local/lib/android/sdk/ndk/25.2.9519653/build/cmake/android.toolchain.cmake \
        -DCMAKE_MAKE_PROGRAM=/usr/local/lib/android/sdk/cmake/3.22.1/bin/ninja \
        -DCMAKE_CXX_FLAGS=-std=c++17 \
        -DCMAKE_LIBRARY_OUTPUT_DIRECTORY=/home/runner/work/BOOK_TO_GAME/BOOK_TO_GAME/platforms/android/app/build/intermediates/cxx/RelWithDebInfo/1l4d1q5i/obj/arm64-v8a \
        -DCMAKE_RUNTIME_OUTPUT_DIRECTORY=/home/runner/work/BOOK_TO_GAME/BOOK_TO_GAME/platforms/android/app/build/intermediates/cxx/RelWithDebInfo/1l4d1q5i/obj/arm64-v8a \
        -DCMAKE_BUILD_TYPE=RelWithDebInfo \
        -B/home/runner/work/BOOK_TO_GAME/BOOK_TO_GAME/platforms/android/app/.cxx/RelWithDebInfo/1l4d1q5i/arm64-v8a \
        -GNinja \
        -DANDROID_STL=c++_shared
    from /home/runner/work/BOOK_TO_GAME/BOOK_TO_GAME/platforms/android/app
  CMake Error at /usr/local/lib/android/sdk/cmake/3.22.1/share/cmake-3.22/Modules/FindPackageHandleStandardArgs.cmake:230 (message):
    Could NOT find OpenSSL, try to set the path to OpenSSL root folder in the
    system variable OPENSSL_ROOT_DIR (missing: OPENSSL_CRYPTO_LIBRARY
    OPENSSL_INCLUDE_DIR)
  Call Stack (most recent call first):
    /usr/local/lib/android/sdk/cmake/3.22.1/share/cmake-3.22/Modules/FindPackageHandleStandardArgs.cmake:594 (_FPHSA_FAILURE_MESSAGE)
    /usr/local/lib/android/sdk/cmake/3.22.1/share/cmake-3.22/Modules/FindOpenSSL.cmake:574 (find_package_handle_standard_args)
    external/src/curl/CMakeLists.txt:468 (find_package)
  	at com.android.build.gradle.internal.cxx.process.ExecuteProcessKt.execute(ExecuteProcess.kt:288)
  	at com.android.build.gradle.internal.cxx.process.ExecuteProcessKt$executeProcess$1.invoke(ExecuteProcess.kt:108)
  	at com.android.build.gradle.internal.cxx.process.ExecuteProcessKt$executeProcess$1.invoke(ExecuteProcess.kt:106)
  	at com.android.build.gradle.internal.cxx.timing.TimingEnvironmentKt.time(TimingEnvironment.kt:32)
  	at com.android.build.gradle.internal.cxx.process.ExecuteProcessKt.executeProcess(ExecuteProcess.kt:106)
  	at com.android.build.gradle.internal.cxx.process.ExecuteProcessKt.executeProcess$default(ExecuteProcess.kt:85)
  	at com.android.build.gradle.tasks.CmakeQueryMetadataGenerator.executeProcess(CmakeFileApiMetadataGenerator.kt:59)
  	at com.android.build.gradle.tasks.ExternalNativeJsonGenerator$configureOneAbi$1$1$3.invoke(ExternalNativeJsonGenerator.kt:247)
  	at com.android.build.gradle.tasks.ExternalNativeJsonGenerator$configureOneAbi$1$1$3.invoke(ExternalNativeJsonGenerator.kt:247)
  	at com.android.build.gradle.internal.cxx.timing.TimingEnvironmentKt.time(TimingEnvironment.kt:32)
  	at com.android.build.gradle.tasks.ExternalNativeJsonGenerator.configureOneAbi(ExternalNativeJsonGenerator.kt:247)
  	at com.android.build.gradle.tasks.ExternalNativeJsonGenerator.configure(ExternalNativeJsonGenerator.kt:113)
  	at com.android.build.gradle.tasks.ExternalNativeBuildJsonTask.doTaskAction(ExternalNativeBuildJsonTask.kt:90)
  	at com.android.build.gradle.internal.tasks.UnsafeOutputsTask$taskAction$$inlined$recordTaskAction$1.invoke(BaseTask.kt:65)
  	at com.android.build.gradle.internal.tasks.Blocks.recordSpan(Blocks.java:51)
  	at com.android.build.gradle.internal.tasks.UnsafeOutputsTask.taskAction(UnsafeOutputsTask.kt:63)
  	at java.base/jdk.internal.reflect.NativeMethodAccessorImpl.invoke0(Native Method)
  	at java.base/jdk.internal.reflect.NativeMethodAccessorImpl.invoke(NativeMethodAccessorImpl.java:77)
  	at java.base/jdk.internal.reflect.DelegatingMethodAccessorImpl.invoke(DelegatingMethodAccessorImpl.java:43)
  	at java.base/java.lang.reflect.Method.invoke(Method.java:569)
  	at org.gradle.internal.reflect.JavaMethod.invoke(JavaMethod.java:125)
  	at org.gradle.api.internal.project.taskfactory.StandardTaskAction.doExecute(StandardTaskAction.java:58)
  	at org.gradle.api.internal.project.taskfactory.StandardTaskAction.execute(StandardTaskAction.java:51)
  	at org.gradle.api.internal.project.taskfactory.StandardTaskAction.execute(StandardTaskAction.java:29)
  	at org.gradle.api.internal.tasks.execution.TaskExecution$3.run(TaskExecution.java:244)
  	at org.gradle.internal.operations.DefaultBuildOperationRunner$1.execute(DefaultBuildOperationRunner.java:29)
  	at org.gradle.internal.operations.DefaultBuildOperationRunner$1.execute(DefaultBuildOperationRunner.java:26)
  	at org.gradle.internal.operations.DefaultBuildOperationRunner$2.execute(DefaultBuildOperationRunner.java:66)
  	at org.gradle.internal.operations.DefaultBuildOperationRunner$2.execute(DefaultBuildOperationRunner.java:59)
  	at org.gradle.internal.operations.DefaultBuildOperationRunner.execute(DefaultBuildOperationRunner.java:157)
  	at org.gradle.internal.operations.DefaultBuildOperationRunner.execute(DefaultBuildOperationRunner.java:59)
  	at org.gradle.internal.operations.DefaultBuildOperationRunner.run(DefaultBuildOperationRunner.java:47)
  	at org.gradle.internal.operations.DefaultBuildOperationExecutor.run(DefaultBuildOperationExecutor.java:68)
  	at org.gradle.api.internal.tasks.execution.TaskExecution.executeAction(TaskExecution.java:229)
  	at org.gradle.api.internal.tasks.execution.TaskExecution.executeActions(TaskExecution.java:212)
  	at org.gradle.api.internal.tasks.execution.TaskExecution.executeWithPreviousOutputFiles(TaskExecution.java:195)
  	at org.gradle.api.internal.tasks.execution.TaskExecution.execute(TaskExecution.java:162)
  	at org.gradle.internal.execution.steps.ExecuteStep.executeInternal(ExecuteStep.java:105)
  	at org.gradle.internal.execution.steps.ExecuteStep.access$000(ExecuteStep.java:44)
  	at org.gradle.internal.execution.steps.ExecuteStep$1.call(ExecuteStep.java:59)
  	at org.gradle.internal.execution.steps.ExecuteStep$1.call(ExecuteStep.java:56)
  	at org.gradle.internal.operations.DefaultBuildOperationRunner$CallableBuildOperationWorker.execute(DefaultBuildOperationRunner.java:200)
  	at org.gradle.internal.operations.DefaultBuildOperationRunner$CallableBuildOperationWorker.execute(DefaultBuildOperationRunner.java:195)
  	at org.gradle.internal.operations.DefaultBuildOperationRunner$2.execute(DefaultBuildOperationRunner.java:66)
  	at org.gradle.internal.operations.DefaultBuildOperationRunner$2.execute(DefaultBuildOperationRunner.java:59)
  	at org.gradle.internal.operations.DefaultBuildOperationRunner.execute(DefaultBuildOperationRunner.java:157)
  	at org.gradle.internal.operations.DefaultBuildOperationRunner.execute(DefaultBuildOperationRunner.java:59)
  	at org.gradle.internal.operations.DefaultBuildOperationRunner.call(DefaultBuildOperationRunner.java:53)
  	at org.gradle.internal.operations.DefaultBuildOperationExecutor.call(DefaultBuildOperationExecutor.java:73)
  	at org.gradle.internal.execution.steps.ExecuteStep.execute(ExecuteStep.java:56)
  	at org.gradle.internal.execution.steps.ExecuteStep.execute(ExecuteStep.java:44)
  	at org.gradle.internal.execution.steps.CancelExecutionStep.execute(CancelExecutionStep.java:41)
  	at org.gradle.internal.execution.steps.TimeoutStep.executeWithoutTimeout(TimeoutStep.java:74)
  	at org.gradle.internal.execution.steps.TimeoutStep.execute(TimeoutStep.java:55)
  	at org.gradle.internal.execution.steps.PreCreateOutputParentsStep.execute(PreCreateOutputParentsStep.java:50)
  	at org.gradle.internal.execution.steps.PreCreateOutputParentsStep.execute(PreCreateOutputParentsStep.java:28)
  	at org.gradle.internal.execution.steps.RemovePreviousOutputsStep.execute(RemovePreviousOutputsStep.java:67)
  	at org.gradle.internal.execution.steps.RemovePreviousOutputsStep.execute(RemovePreviousOutputsStep.java:37)
  	at org.gradle.internal.execution.steps.BroadcastChangingOutputsStep.execute(BroadcastChangingOutputsStep.java:61)
  	at org.gradle.internal.execution.steps.BroadcastChangingOutputsStep.execute(BroadcastChangingOutputsStep.java:26)
  	at org.gradle.internal.execution.steps.CaptureOutputsAfterExecutionStep.execute(CaptureOutputsAfterExecutionStep.java:67)
  	at org.gradle.internal.execution.steps.CaptureOutputsAfterExecutionStep.execute(CaptureOutputsAfterExecutionStep.java:45)
  	at org.gradle.internal.execution.steps.ResolveInputChangesStep.execute(ResolveInputChangesStep.java:40)
  	at org.gradle.internal.execution.steps.ResolveInputChangesStep.execute(ResolveInputChangesStep.java:29)
  	at org.gradle.internal.execution.steps.BuildCacheStep.executeWithoutCache(BuildCacheStep.java:189)
  	at org.gradle.internal.execution.steps.BuildCacheStep.lambda$execute$1(BuildCacheStep.java:75)
  	at org.gradle.internal.Either$Right.fold(Either.java:175)
  	at org.gradle.internal.execution.caching.CachingState.fold(CachingState.java:62)
  	at org.gradle.internal.execution.steps.BuildCacheStep.execute(BuildCacheStep.java:73)
  	at org.gradle.internal.execution.steps.BuildCacheStep.execute(BuildCacheStep.java:48)
  	at org.gradle.internal.execution.steps.StoreExecutionStateStep.execute(StoreExecutionStateStep.java:46)
  	at org.gradle.internal.execution.steps.StoreExecutionStateStep.execute(StoreExecutionStateStep.java:35)
  	at org.gradle.internal.execution.steps.SkipUpToDateStep.executeBecause(SkipUpToDateStep.java:76)
  	at org.gradle.internal.execution.steps.SkipUpToDateStep.lambda$execute$2(SkipUpToDateStep.java:54)
  	at java.base/java.util.Optional.orElseGet(Optional.java:364)
  	at org.gradle.internal.execution.steps.SkipUpToDateStep.execute(SkipUpToDateStep.java:54)
  	at org.gradle.internal.execution.steps.SkipUpToDateStep.execute(SkipUpToDateStep.java:36)
  	at org.gradle.internal.execution.steps.legacy.MarkSnapshottingInputsFinishedStep.execute(MarkSnapshottingInputsFinishedStep.java:37)
  	at org.gradle.internal.execution.steps.legacy.MarkSnapshottingInputsFinishedStep.execute(MarkSnapshottingInputsFinishedStep.java:27)
  	at org.gradle.internal.execution.steps.ResolveIncrementalCachingStateStep.executeDelegate(ResolveIncrementalCachingStateStep.java:49)
  	at org.gradle.internal.execution.steps.ResolveIncrementalCachingStateStep.executeDelegate(ResolveIncrementalCachingStateStep.java:27)
  	at org.gradle.internal.execution.steps.AbstractResolveCachingStateStep.execute(AbstractResolveCachingStateStep.java:71)
  	at org.gradle.internal.execution.steps.AbstractResolveCachingStateStep.execute(AbstractResolveCachingStateStep.java:39)
  	at org.gradle.internal.execution.steps.ResolveChangesStep.execute(ResolveChangesStep.java:65)
  	at org.gradle.internal.execution.steps.ResolveChangesStep.execute(ResolveChangesStep.java:36)
  	at org.gradle.internal.execution.steps.ValidateStep.execute(ValidateStep.java:106)
  	at org.gradle.internal.execution.steps.ValidateStep.execute(ValidateStep.java:55)
  	at org.gradle.internal.execution.steps.AbstractCaptureStateBeforeExecutionStep.execute(AbstractCaptureStateBeforeExecutionStep.java:64)
  	at org.gradle.internal.execution.steps.AbstractCaptureStateBeforeExecutionStep.execute(AbstractCaptureStateBeforeExecutionStep.java:43)
  	at org.gradle.internal.execution.steps.AbstractSkipEmptyWorkStep.executeWithNonEmptySources(AbstractSkipEmptyWorkStep.java:125)
  	at org.gradle.internal.execution.steps.AbstractSkipEmptyWorkStep.execute(AbstractSkipEmptyWorkStep.java:56)
  	at org.gradle.internal.execution.steps.AbstractSkipEmptyWorkStep.execute(AbstractSkipEmptyWorkStep.java:36)
  	at org.gradle.internal.execution.steps.legacy.MarkSnapshottingInputsStartedStep.execute(MarkSnapshottingInputsStartedStep.java:38)
  	at org.gradle.internal.execution.steps.LoadPreviousExecutionStateStep.execute(LoadPreviousExecutionStateStep.java:36)
  	at org.gradle.internal.execution.steps.LoadPreviousExecutionStateStep.execute(LoadPreviousExecutionStateStep.java:23)
  	at org.gradle.internal.execution.steps.HandleStaleOutputsStep.execute(HandleStaleOutputsStep.java:75)
  	at org.gradle.internal.execution.steps.HandleStaleOutputsStep.execute(HandleStaleOutputsStep.java:41)
  	at org.gradle.internal.execution.steps.AssignMutableWorkspaceStep.lambda$execute$0(AssignMutableWorkspaceStep.java:35)
  	at org.gradle.api.internal.tasks.execution.TaskExecution$4.withWorkspace(TaskExecution.java:289)
  	at org.gradle.internal.execution.steps.AssignMutableWorkspaceStep.execute(AssignMutableWorkspaceStep.java:31)
  	at org.gradle.internal.execution.steps.AssignMutableWorkspaceStep.execute(AssignMutableWorkspaceStep.java:22)
  	at org.gradle.internal.execution.steps.ChoosePipelineStep.execute(ChoosePipelineStep.java:40)
  	at org.gradle.internal.execution.steps.ChoosePipelineStep.execute(ChoosePipelineStep.java:23)
  	at org.gradle.internal.execution.steps.ExecuteWorkBuildOperationFiringStep.lambda$execute$2(ExecuteWorkBuildOperationFiringStep.java:67)
  	at java.base/java.util.Optional.orElseGet(Optional.java:364)
  	at org.gradle.internal.execution.steps.ExecuteWorkBuildOperationFiringStep.execute(ExecuteWorkBuildOperationFiringStep.java:67)
  	at org.gradle.internal.execution.steps.ExecuteWorkBuildOperationFiringStep.execute(ExecuteWorkBuildOperationFiringStep.java:39)
  	at org.gradle.internal.execution.steps.IdentityCacheStep.execute(IdentityCacheStep.java:46)
  	at org.gradle.internal.execution.steps.IdentityCacheStep.execute(IdentityCacheStep.java:34)
  	at org.gradle.internal.execution.steps.IdentifyStep.execute(IdentifyStep.java:48)
  	at org.gradle.internal.execution.steps.IdentifyStep.execute(IdentifyStep.java:35)
  	at org.gradle.internal.execution.impl.DefaultExecutionEngine$1.execute(DefaultExecutionEngine.java:61)
  	at org.gradle.api.internal.tasks.execution.ExecuteActionsTaskExecuter.executeIfValid(ExecuteActionsTaskExecuter.java:127)
  	at org.gradle.api.internal.tasks.execution.ExecuteActionsTaskExecuter.execute(ExecuteActionsTaskExecuter.java:116)
  	at org.gradle.api.internal.tasks.execution.FinalizePropertiesTaskExecuter.execute(FinalizePropertiesTaskExecuter.java:46)
  	at org.gradle.api.internal.tasks.execution.ResolveTaskExecutionModeExecuter.execute(ResolveTaskExecutionModeExecuter.java:51)
  	at org.gradle.api.internal.tasks.execution.SkipTaskWithNoActionsExecuter.execute(SkipTaskWithNoActionsExecuter.java:57)
  	at org.gradle.api.internal.tasks.execution.SkipOnlyIfTaskExecuter.execute(SkipOnlyIfTaskExecuter.java:74)
  	at org.gradle.api.internal.tasks.execution.CatchExceptionTaskExecuter.execute(CatchExceptionTaskExecuter.java:36)
  	at org.gradle.api.internal.tasks.execution.EventFiringTaskExecuter$1.executeTask(EventFiringTaskExecuter.java:77)
  	at org.gradle.api.internal.tasks.execution.EventFiringTaskExecuter$1.call(EventFiringTaskExecuter.java:55)
  	at org.gradle.api.internal.tasks.execution.EventFiringTaskExecuter$1.call(EventFiringTaskExecuter.java:52)
  	at org.gradle.internal.operations.DefaultBuildOperationRunner$CallableBuildOperationWorker.execute(DefaultBuildOperationRunner.java:200)
  	at org.gradle.internal.operations.DefaultBuildOperationRunner$CallableBuildOperationWorker.execute(DefaultBuildOperationRunner.java:195)
  	at org.gradle.internal.operations.DefaultBuildOperationRunner$2.execute(DefaultBuildOperationRunner.java:66)
  	at org.gradle.internal.operations.DefaultBuildOperationRunner$2.execute(DefaultBuildOperationRunner.java:59)
  	at org.gradle.internal.operations.DefaultBuildOperationRunner.execute(DefaultBuildOperationRunner.java:157)
  	at org.gradle.internal.operations.DefaultBuildOperationRunner.execute(DefaultBuildOperationRunner.java:59)
  	at org.gradle.internal.operations.DefaultBuildOperationRunner.call(DefaultBuildOperationRunner.java:53)
  	at org.gradle.internal.operations.DefaultBuildOperationExecutor.call(DefaultBuildOperationExecutor.java:73)
  	at org.gradle.api.internal.tasks.execution.EventFiringTaskExecuter.execute(EventFiringTaskExecuter.java:52)
  	at org.gradle.execution.plan.LocalTaskNodeExecutor.execute(LocalTaskNodeExecutor.java:42)
  	at org.gradle.execution.taskgraph.DefaultTaskExecutionGraph$InvokeNodeExecutorsAction.execute(DefaultTaskExecutionGraph.java:331)
  	at org.gradle.execution.taskgraph.DefaultTaskExecutionGraph$InvokeNodeExecutorsAction.execute(DefaultTaskExecutionGraph.java:318)
  	at org.gradle.execution.taskgraph.DefaultTaskExecutionGraph$BuildOperationAwareExecutionAction.lambda$execute$0(DefaultTaskExecutionGraph.java:314)
  	at org.gradle.internal.operations.CurrentBuildOperationRef.with(CurrentBuildOperationRef.java:80)
  	at org.gradle.execution.taskgraph.DefaultTaskExecutionGraph$BuildOperationAwareExecutionAction.execute(DefaultTaskExecutionGraph.java:314)
  	at org.gradle.execution.taskgraph.DefaultTaskExecutionGraph$BuildOperationAwareExecutionAction.execute(DefaultTaskExecutionGraph.java:303)
  	at org.gradle.execution.plan.DefaultPlanExecutor$ExecutorWorker.execute(DefaultPlanExecutor.java:463)
  	at org.gradle.execution.plan.DefaultPlanExecutor$ExecutorWorker.run(DefaultPlanExecutor.java:380)
  	at org.gradle.internal.concurrent.ExecutorPolicy$CatchAndRecordFailures.onExecute(ExecutorPolicy.java:64)
  	at org.gradle.internal.concurrent.AbstractManagedExecutor$1.run(AbstractManagedExecutor.java:47)
  	at java.base/java.util.concurrent.ThreadPoolExecutor.runWorker(ThreadPoolExecutor.java:1136)
  	at java.base/java.util.concurrent.ThreadPoolExecutor$Worker.run(ThreadPoolExecutor.java:635)
  	at java.base/java.lang.Thread.run(Thread.java:840)
  Caused by: com.android.ide.common.process.ProcessException: Error while executing process /usr/local/lib/android/sdk/cmake/3.22.1/bin/cmake with arguments {-H/home/runner/work/BOOK_TO_GAME/BOOK_TO_GAME -DCMAKE_SYSTEM_NAME=Android -DCMAKE_EXPORT_COMPILE_COMMANDS=ON -DCMAKE_SYSTEM_VERSION=21 -DANDROID_PLATFORM=android-21 -DANDROID_ABI=arm64-v8a -DCMAKE_ANDROID_ARCH_ABI=arm64-v8a -DANDROID_NDK=/usr/local/lib/android/sdk/ndk/25.2.9519653 -DCMAKE_ANDROID_NDK=/usr/local/lib/android/sdk/ndk/25.2.9519653 -DCMAKE_TOOLCHAIN_FILE=/usr/local/lib/android/sdk/ndk/25.2.9519653/build/cmake/android.toolchain.cmake -DCMAKE_MAKE_PROGRAM=/usr/local/lib/android/sdk/cmake/3.22.1/bin/ninja -DCMAKE_CXX_FLAGS=-std=c++17 -DCMAKE_LIBRARY_OUTPUT_DIRECTORY=/home/runner/work/BOOK_TO_GAME/BOOK_TO_GAME/platforms/android/app/build/intermediates/cxx/RelWithDebInfo/1l4d1q5i/obj/arm64-v8a -DCMAKE_RUNTIME_OUTPUT_DIRECTORY=/home/runner/work/BOOK_TO_GAME/BOOK_TO_GAME/platforms/android/app/build/intermediates/cxx/RelWithDebInfo/1l4d1q5i/obj/arm64-v8a -DCMAKE_BUILD_TYPE=RelWithDebInfo -B/home/runner/work/BOOK_TO_GAME/BOOK_TO_GAME/platforms/android/app/.cxx/RelWithDebInfo/1l4d1q5i/arm64-v8a -GNinja -DANDROID_STL=c++_shared}
  	at com.android.build.gradle.internal.process.GradleProcessResult.buildProcessException(GradleProcessResult.java:73)
  	at com.android.build.gradle.internal.process.GradleProcessResult.assertNormalExitValue(GradleProcessResult.java:48)
  	at com.android.build.gradle.internal.cxx.process.ExecuteProcessKt.execute(ExecuteProcess.kt:277)
  	... 144 more
  Caused by: org.gradle.process.internal.ExecException: Process 'command '/usr/local/lib/android/sdk/cmake/3.22.1/bin/cmake'' finished with non-zero exit value 1
  	at org.gradle.process.internal.DefaultExecHandle$ExecResultImpl.assertNormalExitValue(DefaultExecHandle.java:442)
  	at com.android.build.gradle.internal.process.GradleProcessResult.assertNormalExitValue(GradleProcessResult.java:46)
  	... 145 more


* Try:
> Run with --stacktrace option to get the stack trace.
> Run with --info or --debug option to get more log output.
> Run with --scan to get full insights.
> Get more help at https://help.gradle.org.

BUILD FAILED in 52s
15 actionable tasks: 15 executed
