-- The C compiler identification is AppleClang 16.0.0.16000026
-- The CXX compiler identification is AppleClang 16.0.0.16000026
-- Detecting C compiler ABI info
-- Detecting C compiler ABI info - done
-- Check for working C compiler: /usr/bin/cc - skipped
-- Detecting C compile features
-- Detecting C compile features - done
-- Detecting CXX compiler ABI info
-- Detecting CXX compiler ABI info - done
-- Check for working CXX compiler: /usr/bin/c++ - skipped
-- Detecting CXX compile features
-- Detecting CXX compile features - done
-- The OBJC compiler identification is AppleClang 16.0.0.16000026
-- The OBJCXX compiler identification is AppleClang 16.0.0.16000026
-- Detecting OBJC compiler ABI info
-- Detecting OBJC compiler ABI info - done
-- Check for working OBJC compiler: /usr/bin/cc - skipped
-- Detecting OBJCXX compiler ABI info
-- Detecting OBJCXX compiler ABI info - done
-- Check for working OBJCXX compiler: /usr/bin/c++ - skipped
-- Configuring static/hardlinked build from source for all platforms...
-- libmobi version 0.12
-- Looking for unistd.h
-- Looking for unistd.h - found
-- Looking for getopt
-- Looking for getopt - found
-- Looking for strdup
-- Looking for strdup - found
-- Looking for sys/resource.h
-- Looking for sys/resource.h - found
-- Performing Test HAVE_INLINE
-- Performing Test HAVE_INLINE - Success
-- Performing Test HAVE_ATTRIBUTE_NORETURN
-- Performing Test HAVE_ATTRIBUTE_NORETURN - Success
CMake Deprecation Warning at external/src/SDL2/CMakeLists.txt:8 (cmake_minimum_required):
  Compatibility with CMake < 3.10 will be removed from a future version of
  CMake.

  Update the VERSION argument <min> value.  Or, use the <min>...<max> syntax
  to tell CMake that the project requires at least <min> but has been updated
  to work with policies introduced by <max> or earlier.


-- Could NOT find PkgConfig (missing: PKG_CONFIG_EXECUTABLE) 
-- Looking for __GLIBC__
-- Looking for __GLIBC__ - not found
-- Performing Test CHECK_CPU_ARCHITECTURE_X86
-- Performing Test CHECK_CPU_ARCHITECTURE_X86 - Failed
-- Performing Test CHECK_CPU_ARCHITECTURE_X64
-- Performing Test CHECK_CPU_ARCHITECTURE_X64 - Failed
-- Performing Test CHECK_CPU_ARCHITECTURE_ARM32
-- Performing Test CHECK_CPU_ARCHITECTURE_ARM32 - Failed
-- Performing Test CHECK_CPU_ARCHITECTURE_ARM64
-- Performing Test CHECK_CPU_ARCHITECTURE_ARM64 - Failed
-- Performing Test CHECK_CPU_ARCHITECTURE_LOONGARCH64
-- Performing Test CHECK_CPU_ARCHITECTURE_LOONGARCH64 - Failed
-- Performing Test HAVE_GCC_WALL
-- Performing Test HAVE_GCC_WALL - Success
-- Performing Test HAVE_GCC_WUNDEF
-- Performing Test HAVE_GCC_WUNDEF - Success
-- Performing Test HAVE_GCC_NO_STRICT_ALIASING
-- Performing Test HAVE_GCC_NO_STRICT_ALIASING - Success
-- Performing Test HAVE_GCC_WDOCUMENTATION
-- Performing Test HAVE_GCC_WDOCUMENTATION - Success
-- Performing Test HAVE_GCC_WDOCUMENTATION_UNKNOWN_COMMAND
-- Performing Test HAVE_GCC_WDOCUMENTATION_UNKNOWN_COMMAND - Success
-- Performing Test HAVE_GCC_COMMENT_BLOCK_COMMANDS
-- Performing Test HAVE_GCC_COMMENT_BLOCK_COMMANDS - Success
-- Performing Test HAVE_GCC_WDECLARATION_AFTER_STATEMENT
-- Performing Test HAVE_GCC_WDECLARATION_AFTER_STATEMENT - Success
-- Performing Test HAVE_GCC_ATOMICS
-- Performing Test HAVE_GCC_ATOMICS - Success
-- Performing Test HAVE_GCC_FVISIBILITY
-- Performing Test HAVE_GCC_FVISIBILITY - Success
-- Performing Test HAVE_GCC_WSHADOW
-- Performing Test HAVE_GCC_WSHADOW - Success
-- Performing Test HAVE_GCC_WUNUSED_LOCAL_TYPEDEFS
-- Performing Test HAVE_GCC_WUNUSED_LOCAL_TYPEDEFS - Success
-- Performing Test HAVE_WNO_ERROR_DEPRECATED_DECLARATIONS
-- Performing Test HAVE_WNO_ERROR_DEPRECATED_DECLARATIONS - Success
-- Looking for immintrin.h
-- Looking for immintrin.h - not found
-- Performing Test HAVE_ALTIVEC_H_HDR
-- Performing Test HAVE_ALTIVEC_H_HDR - Failed
-- Performing Test CPU_SUPPORTS_ALTIVEC
-- Performing Test CPU_SUPPORTS_ALTIVEC - Failed
-- Looking for ctype.h
-- Looking for ctype.h - found
-- Looking for float.h
-- Looking for float.h - found
-- Looking for iconv.h
-- Looking for iconv.h - found
-- Looking for inttypes.h
-- Looking for inttypes.h - found
-- Looking for limits.h
-- Looking for limits.h - found
-- Looking for malloc.h
-- Looking for malloc.h - not found
-- Looking for math.h
-- Looking for math.h - found
-- Looking for memory.h
-- Looking for memory.h - found
-- Looking for signal.h
-- Looking for signal.h - found
-- Looking for stdarg.h
-- Looking for stdarg.h - found
-- Looking for stddef.h
-- Looking for stddef.h - found
-- Looking for stdint.h
-- Looking for stdint.h - found
-- Looking for stdio.h
-- Looking for stdio.h - found
-- Looking for stdlib.h
-- Looking for stdlib.h - found
-- Looking for string.h
-- Looking for string.h - found
-- Looking for strings.h
-- Looking for strings.h - found
-- Looking for sys/types.h
-- Looking for sys/types.h - found
-- Looking for wchar.h
-- Looking for wchar.h - found
-- Looking for 7 include files stddef.h, ..., float.h
-- Looking for 7 include files stddef.h, ..., float.h - found
-- Looking for M_PI
-- Looking for M_PI - found
-- Performing Test HAVE_MPROTECT
-- Performing Test HAVE_MPROTECT - Success
-- Looking for strtod
-- Looking for strtod - found
-- Looking for malloc
-- Looking for malloc - found
-- Looking for calloc
-- Looking for calloc - found
-- Looking for realloc
-- Looking for realloc - found
-- Looking for free
-- Looking for free - found
-- Looking for getenv
-- Looking for getenv - found
-- Looking for setenv
-- Looking for setenv - found
-- Looking for putenv
-- Looking for putenv - found
-- Looking for unsetenv
-- Looking for unsetenv - found
-- Looking for bsearch
-- Looking for bsearch - found
-- Looking for qsort
-- Looking for qsort - found
-- Looking for abs
-- Looking for abs - found
-- Looking for bcopy
-- Looking for bcopy - found
-- Looking for memset
-- Looking for memset - found
-- Looking for memcpy
-- Looking for memcpy - found
-- Looking for memmove
-- Looking for memmove - found
-- Looking for memcmp
-- Looking for memcmp - found
-- Looking for strlen
-- Looking for strlen - found
-- Looking for strlcpy
-- Looking for strlcpy - found
-- Looking for strlcat
-- Looking for strlcat - found
-- Looking for _strrev
-- Looking for _strrev - not found
-- Looking for _strupr
-- Looking for _strupr - not found
-- Looking for _strlwr
-- Looking for _strlwr - not found
-- Looking for index
-- Looking for index - found
-- Looking for rindex
-- Looking for rindex - found
-- Looking for strchr
-- Looking for strchr - found
-- Looking for strrchr
-- Looking for strrchr - found
-- Looking for strstr
-- Looking for strstr - found
-- Looking for strtok_r
-- Looking for strtok_r - found
-- Looking for itoa
-- Looking for itoa - not found
-- Looking for _ltoa
-- Looking for _ltoa - not found
-- Looking for _uitoa
-- Looking for _uitoa - not found
-- Looking for _ultoa
-- Looking for _ultoa - not found
-- Looking for strtol
-- Looking for strtol - found
-- Looking for strtoul
-- Looking for strtoul - found
-- Looking for _i64toa
-- Looking for _i64toa - not found
-- Looking for _ui64toa
-- Looking for _ui64toa - not found
-- Looking for strtoll
-- Looking for strtoll - found
-- Looking for strtoull
-- Looking for strtoull - found
-- Looking for atoi
-- Looking for atoi - found
-- Looking for atof
-- Looking for atof - found
-- Looking for strcmp
-- Looking for strcmp - found
-- Looking for strncmp
-- Looking for strncmp - found
-- Looking for _stricmp
-- Looking for _stricmp - not found
-- Looking for strcasecmp
-- Looking for strcasecmp - found
-- Looking for _strnicmp
-- Looking for _strnicmp - not found
-- Looking for strncasecmp
-- Looking for strncasecmp - found
-- Looking for strcasestr
-- Looking for strcasestr - found
-- Looking for wcscmp
-- Looking for wcscmp - found
-- Looking for _wcsdup
-- Looking for _wcsdup - not found
-- Looking for wcsdup
-- Looking for wcsdup - found
-- Looking for wcslcat
-- Looking for wcslcat - found
-- Looking for wcslcpy
-- Looking for wcslcpy - found
-- Looking for wcslen
-- Looking for wcslen - found
-- Looking for wcsncmp
-- Looking for wcsncmp - found
-- Looking for wcsstr
-- Looking for wcsstr - found
-- Looking for wcscasecmp
-- Looking for wcscasecmp - found
-- Looking for _wcsicmp
-- Looking for _wcsicmp - not found
-- Looking for wcsncasecmp
-- Looking for wcsncasecmp - found
-- Looking for _wcsnicmp
-- Looking for _wcsnicmp - not found
-- Looking for sscanf
-- Looking for sscanf - found
-- Looking for vsscanf
-- Looking for vsscanf - found
-- Looking for vsnprintf
-- Looking for vsnprintf - found
-- Looking for fopen64
-- Looking for fopen64 - not found
-- Looking for fseeko
-- Looking for fseeko - found
-- Looking for fseeko64
-- Looking for fseeko64 - not found
-- Looking for _Exit
-- Looking for _Exit - found
-- Looking for sigaction
-- Looking for sigaction - found
-- Looking for setjmp
-- Looking for setjmp - found
-- Looking for nanosleep
-- Looking for nanosleep - found
-- Looking for sysconf
-- Looking for sysconf - found
-- Looking for sysctlbyname
-- Looking for sysctlbyname - found
-- Looking for getauxval
-- Looking for getauxval - not found
-- Looking for elf_aux_info
-- Looking for elf_aux_info - not found
-- Looking for poll
-- Looking for poll - found
-- Looking for memfd_create
-- Looking for memfd_create - not found
-- Looking for posix_fallocate
-- Looking for posix_fallocate - not found
-- Looking for pow in m
-- Looking for pow in m - found
-- Looking for atan
-- Looking for atan - found
-- Looking for atan2
-- Looking for atan2 - found
-- Looking for atanf
-- Looking for atanf - found
-- Looking for atan2f
-- Looking for atan2f - found
-- Looking for ceil
-- Looking for ceil - found
-- Looking for ceilf
-- Looking for ceilf - found
-- Looking for copysign
-- Looking for copysign - found
-- Looking for copysignf
-- Looking for copysignf - found
-- Looking for cos
-- Looking for cos - found
-- Looking for cosf
-- Looking for cosf - found
-- Looking for exp
-- Looking for exp - found
-- Looking for expf
-- Looking for expf - found
-- Looking for fabs
-- Looking for fabs - found
-- Looking for fabsf
-- Looking for fabsf - found
-- Looking for floor
-- Looking for floor - found
-- Looking for floorf
-- Looking for floorf - found
-- Looking for fmod
-- Looking for fmod - found
-- Looking for fmodf
-- Looking for fmodf - found
-- Looking for log
-- Looking for log - found
-- Looking for logf
-- Looking for logf - found
-- Looking for log10
-- Looking for log10 - found
-- Looking for log10f
-- Looking for log10f - found
-- Looking for lround
-- Looking for lround - found
-- Looking for lroundf
-- Looking for lroundf - found
-- Looking for pow
-- Looking for pow - found
-- Looking for powf
-- Looking for powf - found
-- Looking for round
-- Looking for round - found
-- Looking for roundf
-- Looking for roundf - found
-- Looking for scalbn
-- Looking for scalbn - found
-- Looking for scalbnf
-- Looking for scalbnf - found
-- Looking for sin
-- Looking for sin - found
-- Looking for sinf
-- Looking for sinf - found
-- Looking for sqrt
-- Looking for sqrt - found
-- Looking for sqrtf
-- Looking for sqrtf - found
-- Looking for tan
-- Looking for tan - found
-- Looking for tanf
-- Looking for tanf - found
-- Looking for acos
-- Looking for acos - found
-- Looking for acosf
-- Looking for acosf - found
-- Looking for asin
-- Looking for asin - found
-- Looking for asinf
-- Looking for asinf - found
-- Looking for trunc
-- Looking for trunc - found
-- Looking for truncf
-- Looking for truncf - found
-- Performing Test HAVE_SA_SIGACTION
-- Performing Test HAVE_SA_SIGACTION - Success
-- Looking for dlopen
-- Looking for dlopen - found
-- Performing Test HAVE_O_CLOEXEC
-- Performing Test HAVE_O_CLOEXEC - Success
-- Performing Test HAVE_FRAMEWORK_GAMECONTROLLER
-- Performing Test HAVE_FRAMEWORK_GAMECONTROLLER - Success
-- Performing Test HAVE_FRAMEWORK_COREHAPTICS
-- Performing Test HAVE_FRAMEWORK_COREHAPTICS - Success
-- Performing Test HAVE_FRAMEWORK_METAL
-- Performing Test HAVE_FRAMEWORK_METAL - Success
-- Performing Test HAVE_PTHREADS
-- Performing Test HAVE_PTHREADS - Success
-- Performing Test HAVE_RECURSIVE_MUTEXES
-- Performing Test HAVE_RECURSIVE_MUTEXES - Success
-- Performing Test HAVE_PTHREADS_SEM
-- Performing Test HAVE_PTHREADS_SEM - Success
-- Performing Test HAVE_SEM_TIMEDWAIT
-- Performing Test HAVE_SEM_TIMEDWAIT - Failed
-- Looking for include file pthread.h
-- Looking for include file pthread.h - found
-- Looking for include file pthread_np.h
-- Looking for include file pthread_np.h - not found
-- Performing Test HAVE_PTHREAD_SETNAME_NP
-- Performing Test HAVE_PTHREAD_SETNAME_NP - Success
-- Found Git: /usr/bin/git (found version "2.39.5 (Apple Git-154)")
CMake Deprecation Warning at external/src/SDL2/CMakeLists.txt:3245 (cmake_minimum_required):
  Compatibility with CMake < 3.10 will be removed from a future version of
  CMake.

  Update the VERSION argument <min> value.  Or, use the <min>...<max> syntax
  to tell CMake that the project requires at least <min> but has been updated
  to work with policies introduced by <max> or earlier.


-- 
-- SDL2 was configured with the following options:
-- 
-- Platform: Darwin-24.1.0
-- 64-bit:   TRUE
-- Compiler: /usr/bin/cc
-- Revision: SDL-2.30.9
-- 
-- Subsystems:
--   Atomic:	ON
--   Audio:	ON
--   Video:	ON
--   Render:	ON
--   Events:	ON
--   Joystick:	ON
--   Haptic:	ON
--   Hidapi:	ON
--   Power:	ON
--   Threads:	ON
--   Timers:	ON
--   File:	ON
--   Loadso:	ON
--   CPUinfo:	ON
--   Filesystem:	ON
--   Sensor:	ON
--   Locale:	ON
--   Misc:	ON
-- 
-- Options:
--   SDL2_DISABLE_INSTALL        (Wanted: ON): OFF
--   SDL2_DISABLE_SDL2MAIN       (Wanted: OFF): OFF
--   SDL2_DISABLE_UNINSTALL      (Wanted: OFF): OFF
--   SDL_3DNOW                   (Wanted: OFF): OFF
--   SDL_ALSA                    (Wanted: OFF): OFF
--   SDL_ALSA_SHARED             (Wanted: OFF): OFF
--   SDL_ALTIVEC                 (Wanted: ON): OFF
--   SDL_ARMNEON                 (Wanted: OFF): OFF
--   SDL_ARMSIMD                 (Wanted: OFF): OFF
--   SDL_ARTS                    (Wanted: OFF): OFF
--   SDL_ARTS_SHARED             (Wanted: OFF): OFF
--   SDL_ASAN                    (Wanted: OFF): OFF
--   SDL_ASSEMBLY                (Wanted: ON): ON
--   SDL_ASSERTIONS              (Wanted: auto): auto
--   SDL_BACKGROUNDING_SIGNAL    (Wanted: OFF): OFF
--   SDL_CCACHE                  (Wanted: ON): OFF
--   SDL_CLOCK_GETTIME           (Wanted: OFF): OFF
--   SDL_COCOA                   (Wanted: ON): ON
--   SDL_DBUS                    (Wanted: OFF): OFF
--   SDL_DIRECTFB                (Wanted: OFF): OFF
--   SDL_DIRECTFB_SHARED         (Wanted: OFF): OFF
--   SDL_DIRECTX                 (Wanted: OFF): OFF
--   SDL_DISKAUDIO               (Wanted: ON): ON
--   SDL_DUMMYAUDIO              (Wanted: ON): ON
--   SDL_DUMMYVIDEO              (Wanted: ON): ON
--   SDL_ESD                     (Wanted: OFF): OFF
--   SDL_ESD_SHARED              (Wanted: OFF): OFF
--   SDL_FOREGROUNDING_SIGNAL    (Wanted: OFF): OFF
--   SDL_FUSIONSOUND             (Wanted: OFF): OFF
--   SDL_FUSIONSOUND_SHARED      (Wanted: OFF): OFF
--   SDL_GCC_ATOMICS             (Wanted: ON): ON
--   SDL_HIDAPI                  (Wanted: ON): ON
--   SDL_HIDAPI_JOYSTICK         (Wanted: ON): ON
--   SDL_HIDAPI_LIBUSB           (Wanted: OFF): OFF
--   SDL_IBUS                    (Wanted: OFF): OFF
--   SDL_INSTALL_TESTS           (Wanted: OFF): OFF
--   SDL_JACK                    (Wanted: OFF): OFF
--   SDL_JACK_SHARED             (Wanted: OFF): OFF
--   SDL_KMSDRM                  (Wanted: OFF): OFF
--   SDL_KMSDRM_SHARED           (Wanted: OFF): OFF
--   SDL_LASX                    (Wanted: OFF): OFF
--   SDL_LIBC                    (Wanted: ON): ON
--   SDL_LIBICONV                (Wanted: OFF): OFF
--   SDL_LIBSAMPLERATE           (Wanted: OFF): OFF
--   SDL_LIBSAMPLERATE_SHARED    (Wanted: OFF): OFF
--   SDL_LIBUDEV                 (Wanted: ON): OFF
--   SDL_LSX                     (Wanted: OFF): OFF
--   SDL_METAL                   (Wanted: ON): ON
--   SDL_MMX                     (Wanted: OFF): OFF
--   SDL_NAS                     (Wanted: OFF): OFF
--   SDL_NAS_SHARED              (Wanted: OFF): OFF
--   SDL_OFFSCREEN               (Wanted: ON): ON
--   SDL_OPENGL                  (Wanted: ON): ON
--   SDL_OPENGLES                (Wanted: ON): ON
--   SDL_OSS                     (Wanted: OFF): OFF
--   SDL_PIPEWIRE                (Wanted: OFF): OFF
--   SDL_PIPEWIRE_SHARED         (Wanted: OFF): OFF
--   SDL_PTHREADS                (Wanted: ON): ON
--   SDL_PTHREADS_SEM            (Wanted: ON): ON
--   SDL_PULSEAUDIO              (Wanted: OFF): OFF
--   SDL_PULSEAUDIO_SHARED       (Wanted: OFF): OFF
--   SDL_RENDER_D3D              (Wanted: OFF): OFF
--   SDL_RENDER_METAL            (Wanted: ON): ON
--   SDL_RPATH                   (Wanted: OFF): OFF
--   SDL_RPI                     (Wanted: OFF): OFF
--   SDL_SNDIO                   (Wanted: OFF): OFF
--   SDL_SNDIO_SHARED            (Wanted: OFF): OFF
--   SDL_SSE                     (Wanted: OFF): OFF
--   SDL_SSE2                    (Wanted: OFF): OFF
--   SDL_SSE3                    (Wanted: OFF): OFF
--   SDL_SSEMATH                 (Wanted: OFF): OFF
--   SDL_STATIC_PIC              (Wanted: OFF): OFF
--   SDL_SYSTEM_ICONV            (Wanted: OFF): OFF
--   SDL_TESTS                   (Wanted: OFF): OFF
--   SDL_VENDOR_INFO             (Wanted: ): OFF
--   SDL_VIRTUAL_JOYSTICK        (Wanted: ON): ON
--   SDL_VIVANTE                 (Wanted: OFF): OFF
--   SDL_VULKAN                  (Wanted: ON): ON
--   SDL_WASAPI                  (Wanted: OFF): OFF
--   SDL_WAYLAND                 (Wanted: OFF): OFF
--   SDL_WAYLAND_LIBDECOR        (Wanted: OFF): OFF
--   SDL_WAYLAND_LIBDECOR_SHARED (Wanted: OFF): OFF
--   SDL_WAYLAND_QT_TOUCH        (Wanted: OFF): OFF
--   SDL_WAYLAND_SHARED          (Wanted: OFF): OFF
--   SDL_X11                     (Wanted: OFF): OFF
--   SDL_X11_SHARED              (Wanted: OFF): OFF
--   SDL_X11_XCURSOR             (Wanted: OFF): OFF
--   SDL_X11_XDBE                (Wanted: OFF): OFF
--   SDL_X11_XFIXES              (Wanted: OFF): OFF
--   SDL_X11_XINPUT              (Wanted: OFF): OFF
--   SDL_X11_XRANDR              (Wanted: OFF): OFF
--   SDL_X11_XSCRNSAVER          (Wanted: OFF): OFF
--   SDL_X11_XSHAPE              (Wanted: OFF): OFF
--   SDL_XINPUT                  (Wanted: OFF): OFF
-- 
--  CFLAGS:         -idirafter "/Users/user/Desktop/BOOK_TO_GAME/external/src/SDL2/src/video/khronos"
--  EXTRA_CFLAGS:   -Wall -Wundef -fno-strict-aliasing -Wdocumentation -Wdocumentation-unknown-command -fcomment-block-commands=threadsafety -fcomment-block-commands=deprecated -Wdeclaration-after-statement -fvisibility=hidden -Wshadow -Wno-unused-local-typedefs -D_THREAD_SAFE
--  EXTRA_LDFLAGS: -Wl,-framework,CoreVideo;-Wl,-framework,Cocoa;-Wl,-framework,IOKit;-Wl,-framework,ForceFeedback;-Wl,-framework,Carbon;-Wl,-framework,CoreAudio;-Wl,-framework,AudioToolbox;-Wl,-framework,AVFoundation;-Wl,-framework,Foundation;-Wl,-weak_framework,GameController;-Wl,-weak_framework,Metal;-Wl,-weak_framework,QuartzCore;-Wl,-weak_framework,CoreHaptics -Wl,-compatibility_version,3001.0.0;-Wl,-current_version,3001.9.0
--  EXTRA_LIBS:    m
-- 
--  Build Shared Library: OFF
--  Build Static Library: ON
--  Build Static Library with Position Independent Code: OFF
-- 
-- If something was not detected, although the libraries
-- were installed, then make sure you have set the
-- CFLAGS and LDFLAGS environment variables correctly.
-- 
-- Performing Test COMPILER_SUPPORTS_FOBJC_ARC
-- Performing Test COMPILER_SUPPORTS_FOBJC_ARC - Success
-- Configuring SDL2_image 2.8.2
-- Configuring SDL2_mixer 2.8.0
-- Enabled ogg music: using stb_vorbis
-- Configuring SDL2_ttf 2.22.0
-- SDL2_ttf: Using vendored freetype library
CMake Deprecation Warning at external/src/SDL2_ttf/external/freetype/CMakeLists.txt:113 (cmake_minimum_required):
  Compatibility with CMake < 3.10 will be removed from a future version of
  CMake.

  Update the VERSION argument <min> value.  Or, use the <min>...<max> syntax
  to tell CMake that the project requires at least <min> but has been updated
  to work with policies introduced by <max> or earlier.


-- Could NOT find PkgConfig (missing: PKG_CONFIG_EXECUTABLE) 
-- Looking for fcntl.h
-- Looking for fcntl.h - found
-- Configuring SDL2_net 2.2.0
CMake Deprecation Warning at external/src/mbedtls/CMakeLists.txt:21 (cmake_minimum_required):
  Compatibility with CMake < 3.10 will be removed from a future version of
  CMake.

  Update the VERSION argument <min> value.  Or, use the <min>...<max> syntax
  to tell CMake that the project requires at least <min> but has been updated
  to work with policies introduced by <max> or earlier.


-- Found Python3: /usr/local/Frameworks/Python.framework/Versions/3.14/bin/python3.14 (found version "3.14.5") found components: Interpreter
-- Performing Test CMAKE_HAVE_LIBC_PTHREAD
-- Performing Test CMAKE_HAVE_LIBC_PTHREAD - Success
-- Found Threads: TRUE
-- Using CMake version 4.3.3
-- curl version=[8.8.0-DEV]
-- Picky compiler options: -Wextra -Wall -pedantic -Wbad-function-cast -Wconversion -Winline -Wmissing-declarations -Wmissing-prototypes -Wnested-externs -Wno-long-long -Wno-multichar -Wpointer-arith -Wshadow -Wsign-compare -Wundef -Wunused -Wwrite-strings -Waddress -Wattributes -Wcast-align -Wdeclaration-after-statement -Wdiv-by-zero -Wempty-body -Wendif-labels -Wfloat-equal -Wformat-security -Wignored-qualifiers -Wmissing-field-initializers -Wmissing-noreturn -Wno-format-nonliteral -Wno-system-headers -Wold-style-definition -Wredundant-decls -Wsign-conversion -Wno-error=sign-conversion -Wstrict-prototypes -Wtype-limits -Wunreachable-code -Wunused-parameter -Wvla -Wshift-sign-overflow -Wshorten-64-to-32 -Wlanguage-extension-token -Wformat=2 -Wdouble-promotion -Wenum-conversion -Wpragmas -Wunused-const-variable -Wunreachable-code-break -Wheader-guard -Wsometimes-uninitialized -Wcomma -Wmissing-variable-declarations -Wassign-enum -Wextra-semi-stmt -Wimplicit-fallthrough
-- Performing Test HAVE_SOCKADDR_IN6_SIN6_ADDR
-- Performing Test HAVE_SOCKADDR_IN6_SIN6_ADDR - Success
-- Performing Test HAVE_SOCKADDR_IN6_SIN6_SCOPE_ID
-- Performing Test HAVE_SOCKADDR_IN6_SIN6_SCOPE_ID - Success
-- Found Perl: /usr/bin/perl (found version "5.34.1")
-- Looking for connect in socket
-- Looking for connect in socket - not found
-- Looking for gethostname
-- Looking for gethostname - found
-- Found ZLIB: /Applications/Xcode.app/Contents/Developer/Platforms/MacOSX.platform/Developer/SDKs/MacOSX.sdk/usr/lib/libz.tbd (found version "1.2.12")
CMake Warning at external/src/curl/CMakeLists.txt:763 (message):
  A selected TLS library does not support TLS 1.3.


-- Looking for idn2_lookup_ul in idn2
-- Looking for idn2_lookup_ul in idn2 - not found
-- Could NOT find LibPSL (missing: LIBPSL_LIBRARY LIBPSL_INCLUDE_DIR) 
-- Performing Test USE_UNIX_SOCKETS
-- Performing Test USE_UNIX_SOCKETS - Success
-- Found CA bundle: /etc/ssl/cert.pem
-- Looking for include file sys/filio.h
-- Looking for include file sys/filio.h - found
-- Looking for include files sys/filio.h, sys/wait.h
-- Looking for include files sys/filio.h, sys/wait.h - found
-- Looking for 3 include files sys/filio.h, ..., sys/ioctl.h
-- Looking for 3 include files sys/filio.h, ..., sys/ioctl.h - found
-- Looking for 4 include files sys/filio.h, ..., sys/param.h
-- Looking for 4 include files sys/filio.h, ..., sys/param.h - found
-- Looking for 5 include files sys/filio.h, ..., sys/poll.h
-- Looking for 5 include files sys/filio.h, ..., sys/poll.h - found
-- Looking for 7 include files sys/filio.h, ..., sys/select.h
-- Looking for 7 include files sys/filio.h, ..., sys/select.h - found
-- Looking for 8 include files sys/filio.h, ..., sys/socket.h
-- Looking for 8 include files sys/filio.h, ..., sys/socket.h - found
-- Looking for 9 include files sys/filio.h, ..., sys/sockio.h
-- Looking for 9 include files sys/filio.h, ..., sys/sockio.h - found
-- Looking for 10 include files sys/filio.h, ..., sys/stat.h
-- Looking for 10 include files sys/filio.h, ..., sys/stat.h - found
-- Looking for 11 include files sys/filio.h, ..., sys/time.h
-- Looking for 11 include files sys/filio.h, ..., sys/time.h - found
-- Looking for 13 include files sys/filio.h, ..., sys/un.h
-- Looking for 13 include files sys/filio.h, ..., sys/un.h - found
-- Looking for 14 include files sys/filio.h, ..., sys/utime.h
-- Looking for 14 include files sys/filio.h, ..., sys/utime.h - not found
-- Looking for 14 include files sys/filio.h, ..., sys/xattr.h
-- Looking for 14 include files sys/filio.h, ..., sys/xattr.h - found
-- Looking for 15 include files sys/filio.h, ..., arpa/inet.h
-- Looking for 15 include files sys/filio.h, ..., arpa/inet.h - found
-- Looking for 16 include files sys/filio.h, ..., dirent.h
-- Looking for 16 include files sys/filio.h, ..., dirent.h - found
-- Looking for 18 include files sys/filio.h, ..., ifaddrs.h
-- Looking for 18 include files sys/filio.h, ..., ifaddrs.h - found
-- Looking for 19 include files sys/filio.h, ..., io.h
-- Looking for 19 include files sys/filio.h, ..., io.h - not found
-- Looking for 19 include files sys/filio.h, ..., libgen.h
-- Looking for 19 include files sys/filio.h, ..., libgen.h - found
-- Looking for 20 include files sys/filio.h, ..., locale.h
-- Looking for 20 include files sys/filio.h, ..., locale.h - found
-- Looking for 21 include files sys/filio.h, ..., net/if.h
-- Looking for 21 include files sys/filio.h, ..., net/if.h - found
-- Looking for 22 include files sys/filio.h, ..., netdb.h
-- Looking for 22 include files sys/filio.h, ..., netdb.h - found
-- Looking for 23 include files sys/filio.h, ..., netinet/in.h
-- Looking for 23 include files sys/filio.h, ..., netinet/in.h - found
-- Looking for 24 include files sys/filio.h, ..., netinet/tcp.h
-- Looking for 24 include files sys/filio.h, ..., netinet/tcp.h - found
-- Looking for 25 include files sys/filio.h, ..., netinet/udp.h
-- Looking for 25 include files sys/filio.h, ..., netinet/udp.h - found
-- Looking for linux/tcp.h
-- Looking for linux/tcp.h - not found
-- Looking for 26 include files sys/filio.h, ..., poll.h
-- Looking for 26 include files sys/filio.h, ..., poll.h - found
-- Looking for 27 include files sys/filio.h, ..., pwd.h
-- Looking for 27 include files sys/filio.h, ..., pwd.h - found
-- Looking for 28 include files sys/filio.h, ..., stdatomic.h
-- Looking for 28 include files sys/filio.h, ..., stdatomic.h - found
-- Looking for 29 include files sys/filio.h, ..., stdbool.h
-- Looking for 29 include files sys/filio.h, ..., stdbool.h - found
-- Looking for 31 include files sys/filio.h, ..., stropts.h
-- Looking for 31 include files sys/filio.h, ..., stropts.h - not found
-- Looking for 31 include files sys/filio.h, ..., termio.h
-- Looking for 31 include files sys/filio.h, ..., termio.h - not found
-- Looking for 31 include files sys/filio.h, ..., termios.h
-- Looking for 31 include files sys/filio.h, ..., termios.h - found
-- Looking for 33 include files sys/filio.h, ..., utime.h
-- Looking for 33 include files sys/filio.h, ..., utime.h - found
-- Check size of size_t
-- Check size of size_t - done
-- Check size of ssize_t
-- Check size of ssize_t - done
-- Check size of long long
-- Check size of long long - done
-- Check size of long
-- Check size of long - done
-- Check size of int
-- Check size of int - done
-- Check size of __int64
-- Check size of __int64 - failed
-- Check size of time_t
-- Check size of time_t - done
-- Check size of suseconds_t
-- Check size of suseconds_t - done
-- Looking for fnmatch
-- Looking for fnmatch - found
-- Looking for basename
-- Looking for basename - found
-- Looking for opendir
-- Looking for opendir - found
-- Looking for socket
-- Looking for socket - found
-- Looking for sched_yield
-- Looking for sched_yield - found
-- Looking for socketpair
-- Looking for socketpair - found
-- Looking for recv
-- Looking for recv - found
-- Looking for send
-- Looking for send - found
-- Looking for sendmsg
-- Looking for sendmsg - found
-- Looking for select
-- Looking for select - found
-- Looking for stricmp
-- Looking for stricmp - not found
-- Looking for strcmpi
-- Looking for strcmpi - not found
-- Looking for memrchr
-- Looking for memrchr - not found
-- Looking for alarm
-- Looking for alarm - found
-- Looking for arc4random
-- Looking for arc4random - found
-- Looking for fcntl
-- Looking for fcntl - found
-- Looking for getppid
-- Looking for getppid - found
-- Looking for utimes
-- Looking for utimes - found
-- Looking for gettimeofday
-- Looking for gettimeofday - found
-- Looking for closesocket
-- Looking for closesocket - not found
-- Looking for sigsetjmp
-- Looking for sigsetjmp - found
-- Looking for getpass_r
-- Looking for getpass_r - not found
-- Looking for getpwuid
-- Looking for getpwuid - found
-- Looking for getpwuid_r
-- Looking for getpwuid_r - found
-- Looking for geteuid
-- Looking for geteuid - found
-- Looking for utime
-- Looking for utime - found
-- Looking for gmtime_r
-- Looking for gmtime_r - found
-- Looking for gethostbyname_r
-- Looking for gethostbyname_r - not found
-- Looking for signal
-- Looking for signal - found
-- Looking for strerror_r
-- Looking for strerror_r - found
-- Looking for siginterrupt
-- Looking for siginterrupt - found
-- Looking for getaddrinfo
-- Looking for getaddrinfo - found
-- Looking for getifaddrs
-- Looking for getifaddrs - found
-- Looking for freeaddrinfo
-- Looking for freeaddrinfo - found
-- Looking for pipe
-- Looking for pipe - found
-- Looking for ftruncate
-- Looking for ftruncate - found
-- Looking for _fseeki64
-- Looking for _fseeki64 - not found
-- Looking for getpeername
-- Looking for getpeername - found
-- Looking for getsockname
-- Looking for getsockname - found
-- Looking for if_nametoindex
-- Looking for if_nametoindex - found
-- Looking for getrlimit
-- Looking for getrlimit - found
-- Looking for setlocale
-- Looking for setlocale - found
-- Looking for setmode
-- Looking for setmode - found
-- Looking for setrlimit
-- Looking for setrlimit - found
-- Looking for snprintf
-- Looking for snprintf - found
-- Looking for mach_absolute_time
-- Looking for mach_absolute_time - found
-- Looking for inet_ntop
-- Looking for inet_ntop - found
-- Looking for inet_pton
-- Looking for inet_pton - found
-- Looking for fsetxattr
-- Looking for fsetxattr - found
-- Performing Test HAVE_FSETXATTR_5
-- Performing Test HAVE_FSETXATTR_5 - Failed
-- Performing Test HAVE_FSETXATTR_6
-- Performing Test HAVE_FSETXATTR_6 - Success
-- Check size of sa_family_t
-- Check size of sa_family_t - done
-- Performing Test HAVE_FCNTL_O_NONBLOCK
-- Performing Test HAVE_FCNTL_O_NONBLOCK - Success
-- Performing Test HAVE_IOCTLSOCKET
-- Performing Test HAVE_IOCTLSOCKET - Failed
-- Performing Test HAVE_IOCTLSOCKET_CAMEL
-- Performing Test HAVE_IOCTLSOCKET_CAMEL - Failed
-- Performing Test HAVE_IOCTLSOCKET_CAMEL_FIONBIO
-- Performing Test HAVE_IOCTLSOCKET_CAMEL_FIONBIO - Failed
-- Performing Test HAVE_IOCTLSOCKET_FIONBIO
-- Performing Test HAVE_IOCTLSOCKET_FIONBIO - Failed
-- Performing Test HAVE_IOCTL_FIONBIO
-- Performing Test HAVE_IOCTL_FIONBIO - Success
-- Performing Test HAVE_IOCTL_SIOCGIFADDR
-- Performing Test HAVE_IOCTL_SIOCGIFADDR - Success
-- Performing Test HAVE_SETSOCKOPT_SO_NONBLOCK
-- Performing Test HAVE_SETSOCKOPT_SO_NONBLOCK - Failed
-- Performing Test HAVE_O_NONBLOCK
-- Performing Test HAVE_O_NONBLOCK - Failed
-- Performing Test HAVE_GETHOSTBYNAME_R_3
-- Performing Test HAVE_GETHOSTBYNAME_R_3 - Failed
-- Performing Test HAVE_GETHOSTBYNAME_R_5
-- Performing Test HAVE_GETHOSTBYNAME_R_5 - Failed
-- Performing Test HAVE_GETHOSTBYNAME_R_6
-- Performing Test HAVE_GETHOSTBYNAME_R_6 - Failed
-- Performing Test HAVE_GETHOSTBYNAME_R_3_REENTRANT
-- Performing Test HAVE_GETHOSTBYNAME_R_3_REENTRANT - Failed
-- Performing Test HAVE_GETHOSTBYNAME_R_5_REENTRANT
-- Performing Test HAVE_GETHOSTBYNAME_R_5_REENTRANT - Failed
-- Performing Test HAVE_GETHOSTBYNAME_R_6_REENTRANT
-- Performing Test HAVE_GETHOSTBYNAME_R_6_REENTRANT - Failed
-- Performing Test HAVE_IN_ADDR_T
-- Performing Test HAVE_IN_ADDR_T - Success
-- Performing Test HAVE_BOOL_T
-- Performing Test HAVE_BOOL_T - Success
-- Performing Test HAVE_FILE_OFFSET_BITS
-- Performing Test HAVE_FILE_OFFSET_BITS - Success
-- Performing Test HAVE_ATOMIC
-- Performing Test HAVE_ATOMIC - Success
-- Check size of off_t
-- Check size of off_t - done
-- Check size of curl_off_t
-- Check size of curl_off_t - done
-- Check size of curl_socket_t
-- Check size of curl_socket_t - done
-- Performing Test HAVE_WRITABLE_ARGV
-- Performing Test HAVE_WRITABLE_ARGV - Success
-- Performing Test HAVE_GLIBC_STRERROR_R
-- Performing Test HAVE_GLIBC_STRERROR_R - Failed
-- Performing Test HAVE_POSIX_STRERROR_R
-- Performing Test HAVE_POSIX_STRERROR_R - Success
-- Performing Test HAVE_CLOCK_GETTIME_MONOTONIC
-- Performing Test HAVE_CLOCK_GETTIME_MONOTONIC - Success
-- Performing Test HAVE_BUILTIN_AVAILABLE
-- Performing Test HAVE_BUILTIN_AVAILABLE - Success
-- Check size of struct sockaddr_storage
-- Check size of struct sockaddr_storage - done
-- Performing Test HAVE_MSG_NOSIGNAL
-- Performing Test HAVE_MSG_NOSIGNAL - Success
-- Performing Test HAVE_STRUCT_TIMEVAL
-- Performing Test HAVE_STRUCT_TIMEVAL - Success
-- Performing Test HAVE_CLOCK_GETTIME_MONOTONIC_RAW
-- Performing Test HAVE_CLOCK_GETTIME_MONOTONIC_RAW - Success
-- Configuring traditional C++ SDL2 target build (USE_WEBVIEW=OFF)...
-- Configuring macOS WKWebView bundle...
-- Configuring PuterBridge (macOS invisible WKWebView helper)...
-- Configuring done (98.0s)
-- Generating done (0.2s)
-- Build files have been written to: /Users/user/Desktop/BOOK_TO_GAME/build
